 Traffic_Light_cs_sfun

 Timestamp is 60eae5c5 (Sun Jul 11 20:36:21 2021)

 Preferred load address is 0000000180000000

 Start         Length     Name                   Class
 0001:00000000 00019400H .text$mn                CODE
 0001:00019400 00000012H .text$mn$00             CODE
 0001:00019412 00000081H .text$x                 CODE
 0002:00000000 000004a8H .idata$5                DATA
 0002:000004a8 00000010H .00cfg                  DATA
 0002:000004b8 00000008H .CRT$XCA                DATA
 0002:000004c0 00000008H .CRT$XCZ                DATA
 0002:000004c8 00000008H .CRT$XIA                DATA
 0002:000004d0 00000008H .CRT$XIZ                DATA
 0002:000004d8 00000008H .CRT$XPA                DATA
 0002:000004e0 00000008H .CRT$XPZ                DATA
 0002:000004e8 00000008H .CRT$XTA                DATA
 0002:000004f0 00000010H .CRT$XTZ                DATA
 0002:000004f8 00000000H .gfids$y                DATA
 0002:00000500 00000310H .rdata                  DATA
 0002:00000810 00000218H .rdata$zzzdbg           DATA
 0002:00000a28 00000008H .rtc$IAA                DATA
 0002:00000a30 00000008H .rtc$IZZ                DATA
 0002:00000a38 00000008H .rtc$TAA                DATA
 0002:00000a40 00000008H .rtc$TZZ                DATA
 0002:00000a48 00000b28H .xdata                  DATA
 0002:00001570 00000080H .edata                  DATA
 0002:000015f0 0000012cH .idata$2                DATA
 0002:0000171c 00000014H .idata$3                DATA
 0002:00001730 000004a8H .idata$4                DATA
 0002:00001bd8 00000ca6H .idata$6                DATA
 0003:00000000 0000ad50H .data                   DATA
 0003:0000ad50 00000f10H .bss                    DATA
 0004:00000000 00000d98H .pdata                  DATA

  Address         Publics by Value              Rva+Base               Lib:Object

 0000:00000000       __guard_longjmp_table      0000000000000000     <absolute>
 0000:00000000       __enclave_config           0000000000000000     <absolute>
 0000:00000000       __dynamic_value_reloc_table 0000000000000000     <absolute>
 0000:00000000       __guard_iat_table          0000000000000000     <absolute>
 0000:00000000       __guard_iat_count          0000000000000000     <absolute>
 0000:00000000       __guard_fids_table         0000000000000000     <absolute>
 0000:00000000       __volatile_metadata        0000000000000000     <absolute>
 0000:00000000       __hybrid_code_map_count    0000000000000000     <absolute>
 0000:00000000       __hybrid_code_map          0000000000000000     <absolute>
 0000:00000000       __guard_longjmp_count      0000000000000000     <absolute>
 0000:00000000       ___safe_se_handler_count   0000000000000000     <absolute>
 0000:00000000       __hybrid_auxiliary_iat     0000000000000000     <absolute>
 0000:00000000       __guard_fids_count         0000000000000000     <absolute>
 0000:00000000       ___safe_se_handler_table   0000000000000000     <absolute>
 0000:00000100       __guard_flags              0000000000000100     <absolute>
 0000:00000000       __ImageBase                0000000180000000     <linker-defined>
 0001:00000000       Traffic_Light_cs_initializer 0000000180001000 f   Traffic_Light_cs_sfun.obj
 0001:00000010       Traffic_Light_cs_terminator 0000000180001010 f   Traffic_Light_cs_sfun.obj
 0001:00000020       load_Traffic_Light_cs_optimization_info 0000000180001020 f   Traffic_Light_cs_sfun.obj
 0001:000000d0       unload_Traffic_Light_cs_optimization_info 00000001800010d0 f   Traffic_Light_cs_sfun.obj
 0001:00000100       sf_Traffic_Light_cs_method_dispatcher 0000000180001100 f   Traffic_Light_cs_sfun.obj
 0001:00000170       sf_Traffic_Light_cs_process_check_sum_call 0000000180001170 f   Traffic_Light_cs_sfun.obj
 0001:00000680       sf_Traffic_Light_cs_get_eml_resolved_functions_info 0000000180001680 f   Traffic_Light_cs_sfun.obj
 0001:000008c0       sf_Traffic_Light_cs_third_party_uses_info 00000001800018c0 f   Traffic_Light_cs_sfun.obj
 0001:00000ac0       sf_Traffic_Light_cs_jit_fallback_info 0000000180001ac0 f   Traffic_Light_cs_sfun.obj
 0001:00000cc0       sf_Traffic_Light_cs_get_post_codegen_info 0000000180001cc0 f   Traffic_Light_cs_sfun.obj
 0001:00000ee0       sf_Traffic_Light_cs_updateBuildInfo_args_info 0000000180001ee0 f   Traffic_Light_cs_sfun.obj
 0001:000010e0       Traffic_Light_cs_register_exported_symbols 00000001800020e0 f   Traffic_Light_cs_sfun.obj
 0001:000010f0       sf_c5_Traffic_Light_cs_get_eml_resolved_functions_info 00000001800020f0 f   c5_Traffic_Light_cs.obj
 0001:00001170       sf_c5_Traffic_Light_cs_get_check_sum 0000000180002170 f   c5_Traffic_Light_cs.obj
 0001:00001240       c5_Traffic_Light_cs_method_dispatcher 0000000180002240 f   c5_Traffic_Light_cs.obj
 0001:00007340       sf_c5_Traffic_Light_cs_third_party_uses_info 0000000180008340 f   c5_Traffic_Light_cs.obj
 0001:000073b0       sf_c5_Traffic_Light_cs_jit_fallback_info 00000001800083b0 f   c5_Traffic_Light_cs.obj
 0001:00007540       sf_c5_Traffic_Light_cs_updateBuildInfo_args_info 0000000180008540 f   c5_Traffic_Light_cs.obj
 0001:000078a0       sf_c5_Traffic_Light_cs_get_post_codegen_info 00000001800088a0 f   c5_Traffic_Light_cs.obj
 0001:00007d50       sf_c19_Traffic_Light_cs_get_eml_resolved_functions_info 0000000180008d50 f   c19_Traffic_Light_cs.obj
 0001:00007dd0       sf_c19_Traffic_Light_cs_get_check_sum 0000000180008dd0 f   c19_Traffic_Light_cs.obj
 0001:00007ea0       c19_Traffic_Light_cs_method_dispatcher 0000000180008ea0 f   c19_Traffic_Light_cs.obj
 0001:0000dfa0       sf_c19_Traffic_Light_cs_third_party_uses_info 000000018000efa0 f   c19_Traffic_Light_cs.obj
 0001:0000e010       sf_c19_Traffic_Light_cs_jit_fallback_info 000000018000f010 f   c19_Traffic_Light_cs.obj
 0001:0000e1a0       sf_c19_Traffic_Light_cs_updateBuildInfo_args_info 000000018000f1a0 f   c19_Traffic_Light_cs.obj
 0001:0000e500       sf_c19_Traffic_Light_cs_get_post_codegen_info 000000018000f500 f   c19_Traffic_Light_cs.obj
 0001:0000e9b0       mexFunction                000000018000f9b0 f   Traffic_Light_cs_sfun_registry.obj
 0001:00010f50       _ssSetInputPortDirectFeedThroughFcn 0000000180011f50 f   Traffic_Light_cs_sfun_registry.obj
 0001:000110c0       _ssSetRWorkValueFcn        00000001800120c0 f   Traffic_Light_cs_sfun_registry.obj
 0001:00011140       _ssGetRWorkValueFcn        0000000180012140 f   Traffic_Light_cs_sfun_registry.obj
 0001:000111b0       _ssSetIWorkValueFcn        00000001800121b0 f   Traffic_Light_cs_sfun_registry.obj
 0001:00011230       _ssGetIWorkValueFcn        0000000180012230 f   Traffic_Light_cs_sfun_registry.obj
 0001:000112a0       _ssSetPWorkValueFcn        00000001800122a0 f   Traffic_Light_cs_sfun_registry.obj
 0001:00011320       _ssGetPWorkValueFcn        0000000180012320 f   Traffic_Light_cs_sfun_registry.obj
 0001:00011390       _ssGetInputPortSignalFcn   0000000180012390 f   Traffic_Light_cs_sfun_registry.obj
 0001:00011720       _ssGetInputPortBufferDstPortFcn 0000000180012720 f   Traffic_Light_cs_sfun_registry.obj
 0001:000117a0       _ssGetInputPortSignalPtrsFcn 00000001800127a0 f   Traffic_Light_cs_sfun_registry.obj
 0001:00011b30       ssGetParameterTuningCompliance 0000000180012b30 f   Traffic_Light_cs_sfun_registry.obj
 0001:00011ba0       ssGetDTypeIdFromMxArray    0000000180012ba0 f   Traffic_Light_cs_sfun_registry.obj
 0001:00011cc0       ssWriteRTWMx2dMatParam     0000000180012cc0 f   Traffic_Light_cs_sfun_registry.obj
 0001:00011d50       ssWriteRTWMxVectParam      0000000180012d50 f   Traffic_Light_cs_sfun_registry.obj
 0001:00011dd0       ssWriteRTWParameters       0000000180012dd0 f   Traffic_Light_cs_sfun_registry.obj
 0001:00012390       ssWriteRTWParamSettings    0000000180013390 f   Traffic_Light_cs_sfun_registry.obj
 0001:00012a80       ssWriteRTWStr              0000000180013a80 f   Traffic_Light_cs_sfun_registry.obj
 0001:00012ae0       ssWriteRTWWorkVect         0000000180013ae0 f   Traffic_Light_cs_sfun_registry.obj
 0001:00013040       ssWarning                  0000000180014040 f   Traffic_Light_cs_sfun_registry.obj
 0001:00013130       ssWriteRTWNameValuePair    0000000180014130 f   Traffic_Light_cs_sfun_registry.obj
 0001:00013630       _ssSetInputPortMatrixDimensions 0000000180014630 f   Traffic_Light_cs_sfun_registry.obj
 0001:00013750       _ssSetOutputPortMatrixDimensions 0000000180014750 f   Traffic_Light_cs_sfun_registry.obj
 0001:00013870       _ssSetInputPortVectorDimension 0000000180014870 f   Traffic_Light_cs_sfun_registry.obj
 0001:00013920       _ssSetOutputPortVectorDimension 0000000180014920 f   Traffic_Light_cs_sfun_registry.obj
 0001:000139d0       ssIsRunTimeParamTunable    00000001800149d0 f   Traffic_Light_cs_sfun_registry.obj
 0001:00013a40       ssGetSFuncBlockHandle      0000000180014a40 f   Traffic_Light_cs_sfun_registry.obj
 0001:00013ab0       _ssGetCurrentInputPortWidth 0000000180014ab0 f   Traffic_Light_cs_sfun_registry.obj
 0001:00013bd0       _ssGetCurrentOutputPortWidth 0000000180014bd0 f   Traffic_Light_cs_sfun_registry.obj
 0001:00013cf0       _ssGetCallSystemNumFcnCallDestinations 0000000180014cf0 f   Traffic_Light_cs_sfun_registry.obj
 0001:00013d60       ssGetIsZeroCrossControlDisabled 0000000180014d60 f   Traffic_Light_cs_sfun_registry.obj
 0001:00013dd0       ssSetIsInputPortUsedForContZcSignal 0000000180014dd0 f   Traffic_Light_cs_sfun_registry.obj
 0001:00013e40       ssSetZcSignalIsZcElementDisc 0000000180014e40 f   Traffic_Light_cs_sfun_registry.obj
 0001:00013ef0       ssSetZcSignalName          0000000180014ef0 f   Traffic_Light_cs_sfun_registry.obj
 0001:00013f60       ssSetZcSignalWidth         0000000180014f60 f   Traffic_Light_cs_sfun_registry.obj
 0001:00013fd0       ssSetZcSignalZcEventType   0000000180014fd0 f   Traffic_Light_cs_sfun_registry.obj
 0001:00014040       ssSetZcSignalType          0000000180015040 f   Traffic_Light_cs_sfun_registry.obj
 0001:000140b0       ssSetZcSignalZcTol         00000001800150b0 f   Traffic_Light_cs_sfun_registry.obj
 0001:00014120       ssSetZcSignalNeedsEventNotification 0000000180015120 f   Traffic_Light_cs_sfun_registry.obj
 0001:00014190       ssCreateAndAddZcSignalInfo 0000000180015190 f   Traffic_Light_cs_sfun_registry.obj
 0001:00014200       ssCloneAndAddZcSignalInfo  0000000180015200 f   Traffic_Light_cs_sfun_registry.obj
 0001:00014270       ssGetNumZcSignals          0000000180015270 f   Traffic_Light_cs_sfun_registry.obj
 0001:000142e0       ssGetZcSignalVector        00000001800152e0 f   Traffic_Light_cs_sfun_registry.obj
 0001:00014350       ssGetZcSignalName          0000000180015350 f   Traffic_Light_cs_sfun_registry.obj
 0001:000143c0       ssGetZcSignalWidth         00000001800153c0 f   Traffic_Light_cs_sfun_registry.obj
 0001:00014430       ssGetZcSignalZcEventType   0000000180015430 f   Traffic_Light_cs_sfun_registry.obj
 0001:000144a0       ssGetZcSignalZcEvents      00000001800154a0 f   Traffic_Light_cs_sfun_registry.obj
 0001:00014510       ssGetZcSignalType          0000000180015510 f   Traffic_Light_cs_sfun_registry.obj
 0001:00014580       ssGetZcSignalZcTol         0000000180015580 f   Traffic_Light_cs_sfun_registry.obj
 0001:00014600       ssGetZcSignalNeedsEventNotification 0000000180015600 f   Traffic_Light_cs_sfun_registry.obj
 0001:00014670       ssGetZcSignalIsZcElementDisc 0000000180015670 f   Traffic_Light_cs_sfun_registry.obj
 0001:00014710       ssGetIsInputPortElementContinuous 0000000180015710 f   Traffic_Light_cs_sfun_registry.obj
 0001:000147b0       _ssGetAbsTol               00000001800157b0 f   Traffic_Light_cs_sfun_registry.obj
 0001:00014820       _ssSetStateAbsTol          0000000180015820 f   Traffic_Light_cs_sfun_registry.obj
 0001:00014900       _ssSetInputPortReusableFcn 0000000180015900 f   Traffic_Light_cs_sfun_registry.obj
 0001:00014a00       _ssSetOutputPortReusableFcn 0000000180015a00 f   Traffic_Light_cs_sfun_registry.obj
 0001:00014b00       _ssSetSymbolicDimsSupport  0000000180015b00 f   Traffic_Light_cs_sfun_registry.obj
 0001:00014b70       _ssRegisterSymbolicDimsExpr 0000000180015b70 f   Traffic_Light_cs_sfun_registry.obj
 0001:00014bf0       _ssRegisterSymbolicDims    0000000180015bf0 f   Traffic_Light_cs_sfun_registry.obj
 0001:00014c90       _ssRegisterSymbolicDimsString 0000000180015c90 f   Traffic_Light_cs_sfun_registry.obj
 0001:00014d10       _ssRegisterSymbolicDimsIntValue 0000000180015d10 f   Traffic_Light_cs_sfun_registry.obj
 0001:00014d80       _ssRegisterSymbolicDimsPlus 0000000180015d80 f   Traffic_Light_cs_sfun_registry.obj
 0001:00014e00       _ssRegisterSymbolicDimsMinus 0000000180015e00 f   Traffic_Light_cs_sfun_registry.obj
 0001:00014e80       _ssRegisterSymbolicDimsMultiply 0000000180015e80 f   Traffic_Light_cs_sfun_registry.obj
 0001:00014f00       _ssRegisterSymbolicDimsDivide 0000000180015f00 f   Traffic_Light_cs_sfun_registry.obj
 0001:00014f80       _ssGetNumSymbolicDims      0000000180015f80 f   Traffic_Light_cs_sfun_registry.obj
 0001:00014ff0       _ssGetSymbolicDim          0000000180015ff0 f   Traffic_Light_cs_sfun_registry.obj
 0001:00015070       _ssSetInputPortSymbolicDimsId 0000000180016070 f   Traffic_Light_cs_sfun_registry.obj
 0001:000150e0       _ssGetCompInputPortSymbolicDimsId 00000001800160e0 f   Traffic_Light_cs_sfun_registry.obj
 0001:00015150       _ssSetCompInputPortSymbolicDimsId 0000000180016150 f   Traffic_Light_cs_sfun_registry.obj
 0001:000151c0       _ssSetOutputPortSymbolicDimsId 00000001800161c0 f   Traffic_Light_cs_sfun_registry.obj
 0001:00015230       _ssGetCompOutputPortSymbolicDimsId 0000000180016230 f   Traffic_Light_cs_sfun_registry.obj
 0001:000152a0       _ssSetCompOutputPortSymbolicDimsId 00000001800162a0 f   Traffic_Light_cs_sfun_registry.obj
 0001:00015310       _ssSetCompDWorkSymbolicDimsId 0000000180016310 f   Traffic_Light_cs_sfun_registry.obj
 0001:00015380       sf_process_check_sum_call  0000000180016380 f   Traffic_Light_cs_sfun_registry.obj
 0001:000153d0       sf_process_get_third_party_uses_info_call 00000001800163d0 f   Traffic_Light_cs_sfun_registry.obj
 0001:00015600       sf_process_get_jit_fallback_info_call 0000000180016600 f   Traffic_Light_cs_sfun_registry.obj
 0001:00015830       sf_process_get_post_codegen_info_call 0000000180016830 f   Traffic_Light_cs_sfun_registry.obj
 0001:00015a60       sf_process_get_updateBuildInfo_args_info_call 0000000180016a60 f   Traffic_Light_cs_sfun_registry.obj
 0001:00015c90       sf_process_get_eml_resolved_functions_info_call 0000000180016c90 f   Traffic_Light_cs_sfun_registry.obj
 0001:00015ec0       sf_mex_unlock_call         0000000180016ec0 f   Traffic_Light_cs_sfun_registry.obj
 0001:000160e0       sf_machine_global_initializer_called 00000001800170e0 f   Traffic_Light_cs_sfun_registry.obj
 0001:00016110       sf_machine_global_method_dispatcher 0000000180017110 f   Traffic_Light_cs_sfun_registry.obj
 0001:00016170       sf_machine_global_terminator 0000000180017170 f   Traffic_Light_cs_sfun_registry.obj
 0001:000161a0       sf_register_machine_exported_symbols 00000001800171a0 f   Traffic_Light_cs_sfun_registry.obj
 0001:000161c0       callCustomFcn              00000001800171c0 f   Traffic_Light_cs_sfun_registry.obj
 0001:000161d0       sf_machine_global_initializer 00000001800171d0 f   Traffic_Light_cs_sfun_registry.obj
 0001:00016240       mdlGetSimState             0000000180017240 f   Traffic_Light_cs_sfun_registry.obj
 0001:00016280       mdlSetSimState             0000000180017280 f   Traffic_Light_cs_sfun_registry.obj
 0001:00016af0       ProcessMexSfunctionEveryCall 0000000180017af0 f   Traffic_Light_cs_sfun_registry.obj
 0001:00017c00       __local_stdio_printf_options 0000000180018c00 f i Traffic_Light_cs_sfun_registry.obj
 0001:00017c10       _vsnprintf_l               0000000180018c10 f i Traffic_Light_cs_sfun_registry.obj
 0001:00017c90       _vsprintf_l                0000000180018c90 f i Traffic_Light_cs_sfun_registry.obj
 0001:00017ce0       sprintf                    0000000180018ce0 f i Traffic_Light_cs_sfun_registry.obj
 0001:00017d30       mexfilerequiredapiversion  0000000180018d30 f   c_mexapi_version.obj
 0001:00017d51       rgb2gray_tbb_real64        0000000180018d51 f   libmwrgb2gray_tbb:libmwrgb2gray_tbb.dll
 0001:00017d57       LAPACKE_dgeqp3             0000000180018d57 f   libmwlapack:libmwlapack.dll
 0001:00017d5d       LAPACKE_dormqr             0000000180018d5d f   libmwlapack:libmwlapack.dll
 0001:00017d63       sf_load_rtw_optimization_info 0000000180018d63 f   sf_runtime:sf_runtime.dll
 0001:00017d69       sf_mex_decode              0000000180018d69 f   sf_runtime:sf_runtime.dll
 0001:00017d6f       sf_init_ChartRunTimeInfo   0000000180018d6f f   sf_runtime:sf_runtime.dll
 0001:00017d75       sf_free_ChartRunTimeInfo   0000000180018d75 f   sf_runtime:sf_runtime.dll
 0001:00017d7b       sfrtGetEmlrtCtx            0000000180018d7b f   sf_runtime:sf_runtime.dll
 0001:00017d81       sfrtGetCovrtInstance       0000000180018d81 f   sf_runtime:sf_runtime.dll
 0001:00017d87       sf_get_chart_instance_ptr  0000000180018d87 f   sf_runtime:sf_runtime.dll
 0001:00017d8d       sim_mode_is_rtw_gen        0000000180018d8d f   sf_runtime:sf_runtime.dll
 0001:00017d93       sim_mode_is_external       0000000180018d93 f   sf_runtime:sf_runtime.dll
 0001:00017d99       sf_mex_listen_for_ctrl_c   0000000180018d99 f   sf_runtime:sf_runtime.dll
 0001:00017d9f       sf_clear_rtw_identifier    0000000180018d9f f   sf_runtime:sf_runtime.dll
 0001:00017da5       sf_get_time                0000000180018da5 f   sf_runtime:sf_runtime.dll
 0001:00017dab       sfDoAnimationWrapper       0000000180018dab f   sf_runtime:sf_runtime.dll
 0001:00017db1       setDataBrowseFcn           0000000180018db1 f   sf_runtime:sf_runtime.dll
 0001:00017db7       setLegacyDebuggerFlag      0000000180018db7 f   sf_runtime:sf_runtime.dll
 0001:00017dbd       setDebuggerFlag            0000000180018dbd f   sf_runtime:sf_runtime.dll
 0001:00017dc3       sf_warn_if_symbolic_dimension_param_changed 0000000180018dc3 f   sf_runtime:sf_runtime.dll
 0001:00017dc9       sf_set_work_widths         0000000180018dc9 f   sf_runtime:sf_runtime.dll
 0001:00017dcf       sfListenerCacheSimStruct   0000000180018dcf f   sf_runtime:sf_runtime.dll
 0001:00017dd5       sfListenerLightTerminate   0000000180018dd5 f   sf_runtime:sf_runtime.dll
 0001:00017ddb       sf_mex_call                0000000180018ddb f   sf_runtime:sf_runtime.dll
 0001:00017de1       sf_mex_error_message       0000000180018de1 f   sf_runtime:sf_runtime.dll
 0001:00017de7       sf_mex_create              0000000180018de7 f   sf_runtime:sf_runtime.dll
 0001:00017ded       sf_mex_createcellmatrix    0000000180018ded f   sf_runtime:sf_runtime.dll
 0001:00017df3       sf_mex_setcell             0000000180018df3 f   sf_runtime:sf_runtime.dll
 0001:00017df9       sf_mex_getcell             0000000180018df9 f   sf_runtime:sf_runtime.dll
 0001:00017dff       sf_mex_assign              0000000180018dff f   sf_runtime:sf_runtime.dll
 0001:00017e05       sf_mex_dup                 0000000180018e05 f   sf_runtime:sf_runtime.dll
 0001:00017e0b       sf_mex_destroy             0000000180018e0b f   sf_runtime:sf_runtime.dll
 0001:00017e11       sf_mex_import              0000000180018e11 f   sf_runtime:sf_runtime.dll
 0001:00017e17       ssGetInputPortSignal_wrapper 0000000180018e17 f   sf_runtime:sf_runtime.dll
 0001:00017e1d       ssGetOutputPortSignal_wrapper 0000000180018e1d f   sf_runtime:sf_runtime.dll
 0001:00017e23       sf_get_ChartInfoStruct_CodeGen 0000000180018e23 f   sf_runtime:sf_runtime.dll
 0001:00017e29       sf_get_hasSeparateUpdateOutputs 0000000180018e29 f   sf_runtime:sf_runtime.dll
 0001:00017e2f       callMdlMethodAndReportError 0000000180018e2f f   sf_runtime:sf_runtime.dll
 0001:00017e35       call_sf_machine_global_method_dispatcher 0000000180018e35 f   sf_runtime:sf_runtime.dll
 0001:00017e3b       getRuntimeInstanceInfoAsVoid 0000000180018e3b f   sf_runtime:sf_runtime.dll
 0001:00017e41       sf_mex_error_direct_call   0000000180018e41 f   sf_runtime:sf_runtime.dll
 0001:00017e47       sf_clear_error_manager_info 0000000180018e47 f   sf_runtime:sf_runtime.dll
 0001:00017e4d       mxIsChar_800               0000000180018e4d f   libmx:libmx.dll
 0001:00017e53       mxGetScalar_800            0000000180018e53 f   libmx:libmx.dll
 0001:00017e59       mxGetPr_800                0000000180018e59 f   libmx:libmx.dll
 0001:00017e5f       mxDestroyArray_800         0000000180018e5f f   libmx:libmx.dll
 0001:00017e65       mxCreateDoubleMatrix_800   0000000180018e65 f   libmx:libmx.dll
 0001:00017e6b       mxGetString_800            0000000180018e6b f   libmx:libmx.dll
 0001:00017e71       mxDuplicateArray_800       0000000180018e71 f   libmx:libmx.dll
 0001:00017e77       mxSetCell_800              0000000180018e77 f   libmx:libmx.dll
 0001:00017e7d       mxSetField_800             0000000180018e7d f   libmx:libmx.dll
 0001:00017e83       mxCreateString_800         0000000180018e83 f   libmx:libmx.dll
 0001:00017e89       mxCreateCellMatrix_800     0000000180018e89 f   libmx:libmx.dll
 0001:00017e8f       mxCreateStructMatrix_800   0000000180018e8f f   libmx:libmx.dll
 0001:00017e95       mxGetNaN_800               0000000180018e95 f   libmx:libmx.dll
 0001:00017e9b       mxCalloc_800               0000000180018e9b f   libmx:libmx.dll
 0001:00017ea1       mxGetM_800                 0000000180018ea1 f   libmx:libmx.dll
 0001:00017ea7       mxGetClassID_800           0000000180018ea7 f   libmx:libmx.dll
 0001:00017ead       mxIsNumeric_800            0000000180018ead f   libmx:libmx.dll
 0001:00017eb3       mxIsComplex_800            0000000180018eb3 f   libmx:libmx.dll
 0001:00017eb9       mxGetN_800                 0000000180018eb9 f   libmx:libmx.dll
 0001:00017ebf       mxCreateDoubleScalar_800   0000000180018ebf f   libmx:libmx.dll
 0001:00017ec5       mexMakeArrayPersistent_800 0000000180018ec5 f   libmex:libmex.dll
 0001:00017ecb       mexErrMsgTxt_800           0000000180018ecb f   libmex:libmex.dll
 0001:00017ed1       mexWarnMsgTxt_800          0000000180018ed1 f   libmex:libmex.dll
 0001:00017ed7       mexCallMATLAB_800          0000000180018ed7 f   libmex:libmex.dll
 0001:00017edd       mexLock_800                0000000180018edd f   libmex:libmex.dll
 0001:00017ee3       mexUnlock_800              0000000180018ee3 f   libmex:libmex.dll
 0001:00017ee9       mexIsLocked_800            0000000180018ee9 f   libmex:libmex.dll
 0001:00017eef       utMalloc                   0000000180018eef f   libut:libut.dll
 0001:00017ef5       utFree                     0000000180018ef5 f   libut:libut.dll
 0001:00017efb       muDoubleScalarAbs          0000000180018efb f   libmwmathutil:libmwmathutil.dll
 0001:00017f01       muDoubleScalarCeil         0000000180018f01 f   libmwmathutil:libmwmathutil.dll
 0001:00017f07       muDoubleScalarMax          0000000180018f07 f   libmwmathutil:libmwmathutil.dll
 0001:00017f0d       emlrtDynamicBoundsCheckR2012b 0000000180018f0d f   libemlrt:libemlrt.dll
 0001:00017f13       emlrtSizeMulR2012b         0000000180018f13 f   libemlrt:libemlrt.dll
 0001:00017f19       emlrtIntegerCheckR2012b    0000000180018f19 f   libemlrt:libemlrt.dll
 0001:00017f1f       emlrtMallocMex             0000000180018f1f f   libemlrt:libemlrt.dll
 0001:00017f25       emlrtCallocMex             0000000180018f25 f   libemlrt:libemlrt.dll
 0001:00017f2b       emlrtFreeMex               0000000180018f2b f   libemlrt:libemlrt.dll
 0001:00017f31       emlrtHeapAllocationErrorR2012b 0000000180018f31 f   libemlrt:libemlrt.dll
 0001:00017f37       emlrtSubAssignSizeCheck1dR2017a 0000000180018f37 f   libemlrt:libemlrt.dll
 0001:00017f3d       covrtCreateStateflowInstanceData 0000000180018f3d f   libcovrt:libcovrt.dll
 0001:00017f43       covrtDeleteStateflowInstanceData 0000000180018f43 f   libcovrt:libcovrt.dll
 0001:00017f49       covrtTransInitFcn          0000000180018f49 f   libcovrt:libcovrt.dll
 0001:00017f4f       covrtStateInitFcn          0000000180018f4f f   libcovrt:libcovrt.dll
 0001:00017f55       covrtChartInitFcn          0000000180018f55 f   libcovrt:libcovrt.dll
 0001:00017f5b       covrtRelationalopUpdateFcn 0000000180018f5b f   libcovrt:libcovrt.dll
 0001:00017f61       covrtSigUpdateFcn          0000000180018f61 f   libcovrt:libcovrt.dll
 0001:00017f67       covrtEmlInitFcn            0000000180018f67 f   libcovrt:libcovrt.dll
 0001:00017f6d       covrtEmlFcnInitFcn         0000000180018f6d f   libcovrt:libcovrt.dll
 0001:00017f73       covrtEmlIfInitFcn          0000000180018f73 f   libcovrt:libcovrt.dll
 0001:00017f79       covrtEmlRelationalInitFcn  0000000180018f79 f   libcovrt:libcovrt.dll
 0001:00017f7f       covrtEmlFcnEval            0000000180018f7f f   libcovrt:libcovrt.dll
 0001:00017f85       covrtEmlIfEval             0000000180018f85 f   libcovrt:libcovrt.dll
 0001:00017f8c       __raise_securityfailure    0000000180018f8c f   MSVCRT:gs_report.obj
 0001:00017fc0       __report_gsfailure         0000000180018fc0 f   MSVCRT:gs_report.obj
 0001:00018094       __report_rangecheckfailure 0000000180019094 f   MSVCRT:gs_report.obj
 0001:000180a8       __report_securityfailure   00000001800190a8 f   MSVCRT:gs_report.obj
 0001:00018144       __report_securityfailureEx 0000000180019144 f   MSVCRT:gs_report.obj
 0001:00018338       __GSHandlerCheck           0000000180019338 f   MSVCRT:gshandler.obj
 0001:00018358       __GSHandlerCheckCommon     0000000180019358 f   MSVCRT:gshandler.obj
 0001:000183d0       __security_check_cookie    00000001800193d0 f   MSVCRT:amdsecgs.obj
 0001:00018410       __chkstk                   0000000180019410 f   MSVCRT:chkstk.obj
 0001:00018410       _alloca_probe              0000000180019410 f   MSVCRT:chkstk.obj
 0001:000187b0       _CRT_INIT                  00000001800197b0 f   MSVCRT:dll_dllmain.obj
 0001:000187b8       _DllMainCRTStartup         00000001800197b8 f   MSVCRT:dll_dllmain.obj
 0001:00018864       __security_init_cookie     0000000180019864 f   MSVCRT:gs_support.obj
 0001:00018910       DllMain                    0000000180019910 f   MSVCRT:dll_dllmain_stub.obj
 0001:00018934       ?__scrt_initialize_type_info@@YAXXZ 0000000180019934 f   MSVCRT:tncleanup.obj
 0001:00018944       ?__scrt_uninitialize_type_info@@YAXXZ 0000000180019944 f   MSVCRT:tncleanup.obj
 0001:00018950       __local_stdio_scanf_options 0000000180019950 f i MSVCRT:default_local_stdio_options.obj
 0001:00018958       __scrt_initialize_default_local_stdio_options 0000000180019958 f   MSVCRT:default_local_stdio_options.obj
 0001:00018974       ??$__crt_fast_decode_pointer@PEAP6AXXZ@@YAPEAP6AXXZQEAP6AXXZ@Z 0000000180019974 f i MSVCRT:utility.obj
 0001:0001898c       ??$__crt_fast_encode_pointer@PEAP6AXXZ@@YAPEAP6AXXZQEAP6AXXZ@Z 000000018001998c f i MSVCRT:utility.obj
 0001:000189ac       ?__crt_rotate_pointer_value@@YA_K_KH@Z 00000001800199ac f i MSVCRT:utility.obj
 0001:000189b8       ?configure_argv@__scrt_narrow_argv_policy@@SAHXZ 00000001800199b8 f i MSVCRT:utility.obj
 0001:00018a18       ?initialize_environment@__scrt_narrow_environment_policy@@SAHXZ 0000000180019a18 f i MSVCRT:utility.obj
 0001:00018a50       NtCurrentTeb               0000000180019a50 f i MSVCRT:utility.obj
 0001:00018a5c       __scrt_acquire_startup_lock 0000000180019a5c f   MSVCRT:utility.obj
 0001:00018a98       __scrt_dllmain_after_initialize_c 0000000180019a98 f   MSVCRT:utility.obj
 0001:00018acc       __scrt_dllmain_before_initialize_c 0000000180019acc f   MSVCRT:utility.obj
 0001:00018ae4       __scrt_dllmain_crt_thread_attach 0000000180019ae4 f   MSVCRT:utility.obj
 0001:00018b0c       __scrt_dllmain_crt_thread_detach 0000000180019b0c f   MSVCRT:utility.obj
 0001:00018b24       __scrt_dllmain_exception_filter 0000000180019b24 f   MSVCRT:utility.obj
 0001:00018b84       __scrt_dllmain_uninitialize_c 0000000180019b84 f   MSVCRT:utility.obj
 0001:00018bb4       __scrt_dllmain_uninitialize_critical 0000000180019bb4 f   MSVCRT:utility.obj
 0001:00018bc8       __scrt_initialize_crt      0000000180019bc8 f   MSVCRT:utility.obj
 0001:00018c14       __scrt_initialize_onexit_tables 0000000180019c14 f   MSVCRT:utility.obj
 0001:00018cec       __scrt_is_nonwritable_in_current_image 0000000180019cec f   MSVCRT:utility.obj
 0001:00018d88       __scrt_release_startup_lock 0000000180019d88 f   MSVCRT:utility.obj
 0001:00018dac       __scrt_uninitialize_crt    0000000180019dac f   MSVCRT:utility.obj
 0001:00018dd8       _onexit                    0000000180019dd8 f   MSVCRT:utility.obj
 0001:00018e28       at_quick_exit              0000000180019e28 f   MSVCRT:utility.obj
 0001:00018e60       atexit                     0000000180019e60 f   MSVCRT:utility.obj
 0001:00018e78       __scrt_get_dyn_tls_init_callback 0000000180019e78 f   MSVCRT:dyn_tls_init.obj
 0001:00018e80       __crt_debugger_hook        0000000180019e80 f   MSVCRT:utility_desktop.obj
 0001:00018e88       __scrt_fastfail            0000000180019e88 f   MSVCRT:utility_desktop.obj
 0001:00018fd4       __scrt_get_show_window_mode 0000000180019fd4 f   MSVCRT:utility_desktop.obj
 0001:00019010       __scrt_initialize_mta      000000018001a010 f   MSVCRT:utility_desktop.obj
 0001:00019018       __scrt_initialize_winrt    000000018001a018 f   MSVCRT:utility_desktop.obj
 0001:0001901c       __scrt_is_managed_app      000000018001a01c f   MSVCRT:utility_desktop.obj
 0001:00019070       __scrt_set_unhandled_exception_filter 000000018001a070 f   MSVCRT:utility_desktop.obj
 0001:00019080       __scrt_exe_initialize_mta  000000018001a080 f   MSVCRT:utility_desktop.obj
 0001:00019080       __scrt_stub_for_initialize_mta 000000018001a080 f   MSVCRT:utility_desktop.obj
 0001:00019084       __scrt_unhandled_exception_filter 000000018001a084 f   MSVCRT:utility_desktop.obj
 0001:000190bc       _RTC_Initialize            000000018001a0bc f   MSVCRT:initsect.obj
 0001:000190f8       _RTC_Terminate             000000018001a0f8 f   MSVCRT:initsect.obj
 0001:00019134       _guard_check_icall_nop     000000018001a134 f i MSVCRT:guard_support.obj
 0001:00019138       ReadNoFence64              000000018001a138 f i MSVCRT:guard_support.obj
 0001:0001913c       ReadPointerNoFence         000000018001a13c f i MSVCRT:guard_support.obj
 0001:00019140       _guard_icall_checks_enforced 000000018001a140 f i MSVCRT:guard_support.obj
 0001:00019158       _guard_rf_checks_enforced  000000018001a158 f i MSVCRT:guard_support.obj
 0001:0001915c       __isa_available_init       000000018001a15c f   MSVCRT:cpu_disp.obj
 0001:000192d8       _get_startup_argv_mode     000000018001a2d8 f   MSVCRT:argv_mode.obj
 0001:000192e0       __scrt_is_ucrt_dll_in_use  000000018001a2e0 f   MSVCRT:ucrt_detection.obj
 0001:000192f0       RtlCaptureContext          000000018001a2f0 f   kernel32:KERNEL32.dll
 0001:000192f6       RtlLookupFunctionEntry     000000018001a2f6 f   kernel32:KERNEL32.dll
 0001:000192fc       RtlVirtualUnwind           000000018001a2fc f   kernel32:KERNEL32.dll
 0001:00019302       UnhandledExceptionFilter   000000018001a302 f   kernel32:KERNEL32.dll
 0001:00019308       SetUnhandledExceptionFilter 000000018001a308 f   kernel32:KERNEL32.dll
 0001:0001930e       GetCurrentProcess          000000018001a30e f   kernel32:KERNEL32.dll
 0001:00019314       TerminateProcess           000000018001a314 f   kernel32:KERNEL32.dll
 0001:0001931a       IsProcessorFeaturePresent  000000018001a31a f   kernel32:KERNEL32.dll
 0001:00019320       QueryPerformanceCounter    000000018001a320 f   kernel32:KERNEL32.dll
 0001:00019326       GetCurrentProcessId        000000018001a326 f   kernel32:KERNEL32.dll
 0001:0001932c       GetCurrentThreadId         000000018001a32c f   kernel32:KERNEL32.dll
 0001:00019332       GetSystemTimeAsFileTime    000000018001a332 f   kernel32:KERNEL32.dll
 0001:00019338       DisableThreadLibraryCalls  000000018001a338 f   kernel32:KERNEL32.dll
 0001:0001933e       InitializeSListHead        000000018001a33e f   kernel32:KERNEL32.dll
 0001:00019344       IsDebuggerPresent          000000018001a344 f   kernel32:KERNEL32.dll
 0001:0001934a       GetStartupInfoW            000000018001a34a f   kernel32:KERNEL32.dll
 0001:00019350       GetModuleHandleW           000000018001a350 f   kernel32:KERNEL32.dll
 0001:00019356       memcpy                     000000018001a356 f   vcruntime:VCRUNTIME140.dll
 0001:0001935c       memset                     000000018001a35c f   vcruntime:VCRUNTIME140.dll
 0001:00019362       __C_specific_handler       000000018001a362 f   vcruntime:VCRUNTIME140.dll
 0001:00019368       __std_type_info_destroy_list 000000018001a368 f   vcruntime:VCRUNTIME140.dll
 0001:0001936e       strcmp                     000000018001a36e f   ucrt:api-ms-win-crt-string-l1-1-0.dll
 0001:00019374       strcat                     000000018001a374 f   ucrt:api-ms-win-crt-string-l1-1-0.dll
 0001:0001937a       __stdio_common_vsprintf    000000018001a37a f   ucrt:api-ms-win-crt-stdio-l1-1-0.dll
 0001:00019380       free                       000000018001a380 f   ucrt:api-ms-win-crt-heap-l1-1-0.dll
 0001:00019386       malloc                     000000018001a386 f   ucrt:api-ms-win-crt-heap-l1-1-0.dll
 0001:0001938c       strlen                     000000018001a38c f   ucrt:api-ms-win-crt-string-l1-1-0.dll
 0001:00019392       _initterm                  000000018001a392 f   ucrt:api-ms-win-crt-runtime-l1-1-0.dll
 0001:00019398       _initterm_e                000000018001a398 f   ucrt:api-ms-win-crt-runtime-l1-1-0.dll
 0001:0001939e       _seh_filter_dll            000000018001a39e f   ucrt:api-ms-win-crt-runtime-l1-1-0.dll
 0001:000193a4       _configure_narrow_argv     000000018001a3a4 f   ucrt:api-ms-win-crt-runtime-l1-1-0.dll
 0001:000193aa       _initialize_narrow_environment 000000018001a3aa f   ucrt:api-ms-win-crt-runtime-l1-1-0.dll
 0001:000193b0       _initialize_onexit_table   000000018001a3b0 f   ucrt:api-ms-win-crt-runtime-l1-1-0.dll
 0001:000193b6       _register_onexit_function  000000018001a3b6 f   ucrt:api-ms-win-crt-runtime-l1-1-0.dll
 0001:000193bc       _execute_onexit_table      000000018001a3bc f   ucrt:api-ms-win-crt-runtime-l1-1-0.dll
 0001:000193c2       _crt_atexit                000000018001a3c2 f   ucrt:api-ms-win-crt-runtime-l1-1-0.dll
 0001:000193c8       _crt_at_quick_exit         000000018001a3c8 f   ucrt:api-ms-win-crt-runtime-l1-1-0.dll
 0001:000193ce       _cexit                     000000018001a3ce f   ucrt:api-ms-win-crt-runtime-l1-1-0.dll
 0001:000193d4       terminate                  000000018001a3d4 f   ucrt:api-ms-win-crt-runtime-l1-1-0.dll
 0001:000193dc       __acrt_initialize          000000018001a3dc f   MSVCRT:ucrt_stubs.obj
 0001:000193dc       __scrt_stub_for_acrt_initialize 000000018001a3dc f   MSVCRT:ucrt_stubs.obj
 0001:000193dc       __vcrt_initialize          000000018001a3dc f   MSVCRT:ucrt_stubs.obj
 0001:000193e0       __scrt_stub_for_acrt_thread_attach 000000018001a3e0 f   MSVCRT:ucrt_stubs.obj
 0001:000193e0       __acrt_thread_attach       000000018001a3e0 f   MSVCRT:ucrt_stubs.obj
 0001:000193e0       __vcrt_thread_attach       000000018001a3e0 f   MSVCRT:ucrt_stubs.obj
 0001:000193e4       __vcrt_thread_detach       000000018001a3e4 f   MSVCRT:ucrt_stubs.obj
 0001:000193e4       __acrt_thread_detach       000000018001a3e4 f   MSVCRT:ucrt_stubs.obj
 0001:000193e4       __scrt_stub_for_acrt_thread_detach 000000018001a3e4 f   MSVCRT:ucrt_stubs.obj
 0001:000193e8       __scrt_stub_for_acrt_uninitialize 000000018001a3e8 f   MSVCRT:ucrt_stubs.obj
 0001:000193e8       __acrt_uninitialize        000000018001a3e8 f   MSVCRT:ucrt_stubs.obj
 0001:000193e8       __vcrt_uninitialize        000000018001a3e8 f   MSVCRT:ucrt_stubs.obj
 0001:000193ec       __vcrt_uninitialize_critical 000000018001a3ec f   MSVCRT:ucrt_stubs.obj
 0001:000193ec       __acrt_uninitialize_critical 000000018001a3ec f   MSVCRT:ucrt_stubs.obj
 0001:000193ec       __scrt_stub_for_acrt_uninitialize_critical 000000018001a3ec f   MSVCRT:ucrt_stubs.obj
 0001:000193f0       __scrt_stub_for_is_c_termination_complete 000000018001a3f0 f   MSVCRT:ucrt_stubs.obj
 0001:000193f0       _is_c_termination_complete 000000018001a3f0 f   MSVCRT:ucrt_stubs.obj
 0001:00019410       _guard_dispatch_icall_nop  000000018001a410 f   MSVCRT:guard_dispatch.obj
 0002:00000000       __imp_GetCurrentProcess    000000018001b000     kernel32:KERNEL32.dll
 0002:00000008       __imp_GetCurrentThreadId   000000018001b008     kernel32:KERNEL32.dll
 0002:00000010       __imp_RtlCaptureContext    000000018001b010     kernel32:KERNEL32.dll
 0002:00000018       __imp_RtlLookupFunctionEntry 000000018001b018     kernel32:KERNEL32.dll
 0002:00000020       __imp_RtlVirtualUnwind     000000018001b020     kernel32:KERNEL32.dll
 0002:00000028       __imp_UnhandledExceptionFilter 000000018001b028     kernel32:KERNEL32.dll
 0002:00000030       __imp_SetUnhandledExceptionFilter 000000018001b030     kernel32:KERNEL32.dll
 0002:00000038       __imp_GetSystemTimeAsFileTime 000000018001b038     kernel32:KERNEL32.dll
 0002:00000040       __imp_DisableThreadLibraryCalls 000000018001b040     kernel32:KERNEL32.dll
 0002:00000048       __imp_InitializeSListHead  000000018001b048     kernel32:KERNEL32.dll
 0002:00000050       __imp_IsDebuggerPresent    000000018001b050     kernel32:KERNEL32.dll
 0002:00000058       __imp_GetStartupInfoW      000000018001b058     kernel32:KERNEL32.dll
 0002:00000060       __imp_GetModuleHandleW     000000018001b060     kernel32:KERNEL32.dll
 0002:00000068       __imp_QueryPerformanceCounter 000000018001b068     kernel32:KERNEL32.dll
 0002:00000070       __imp_IsProcessorFeaturePresent 000000018001b070     kernel32:KERNEL32.dll
 0002:00000078       __imp_TerminateProcess     000000018001b078     kernel32:KERNEL32.dll
 0002:00000080       __imp_GetCurrentProcessId  000000018001b080     kernel32:KERNEL32.dll
 0002:00000088       \177KERNEL32_NULL_THUNK_DATA 000000018001b088     kernel32:KERNEL32.dll
 0002:00000090       __imp_memset               000000018001b090     vcruntime:VCRUNTIME140.dll
 0002:00000098       __imp_memcpy               000000018001b098     vcruntime:VCRUNTIME140.dll
 0002:000000a0       __imp___C_specific_handler 000000018001b0a0     vcruntime:VCRUNTIME140.dll
 0002:000000a8       __imp___std_type_info_destroy_list 000000018001b0a8     vcruntime:VCRUNTIME140.dll
 0002:000000b0       \177VCRUNTIME140_NULL_THUNK_DATA 000000018001b0b0     vcruntime:VCRUNTIME140.dll
 0002:000000b8       __imp_free                 000000018001b0b8     ucrt:api-ms-win-crt-heap-l1-1-0.dll
 0002:000000c0       __imp_malloc               000000018001b0c0     ucrt:api-ms-win-crt-heap-l1-1-0.dll
 0002:000000c8       \177api-ms-win-crt-heap-l1-1-0_NULL_THUNK_DATA 000000018001b0c8     ucrt:api-ms-win-crt-heap-l1-1-0.dll
 0002:000000d0       __imp__initialize_onexit_table 000000018001b0d0     ucrt:api-ms-win-crt-runtime-l1-1-0.dll
 0002:000000d8       __imp__initialize_narrow_environment 000000018001b0d8     ucrt:api-ms-win-crt-runtime-l1-1-0.dll
 0002:000000e0       __imp__initterm_e          000000018001b0e0     ucrt:api-ms-win-crt-runtime-l1-1-0.dll
 0002:000000e8       __imp__seh_filter_dll      000000018001b0e8     ucrt:api-ms-win-crt-runtime-l1-1-0.dll
 0002:000000f0       __imp__initterm            000000018001b0f0     ucrt:api-ms-win-crt-runtime-l1-1-0.dll
 0002:000000f8       __imp__register_onexit_function 000000018001b0f8     ucrt:api-ms-win-crt-runtime-l1-1-0.dll
 0002:00000100       __imp__execute_onexit_table 000000018001b100     ucrt:api-ms-win-crt-runtime-l1-1-0.dll
 0002:00000108       __imp__crt_atexit          000000018001b108     ucrt:api-ms-win-crt-runtime-l1-1-0.dll
 0002:00000110       __imp__crt_at_quick_exit   000000018001b110     ucrt:api-ms-win-crt-runtime-l1-1-0.dll
 0002:00000118       __imp__cexit               000000018001b118     ucrt:api-ms-win-crt-runtime-l1-1-0.dll
 0002:00000120       __imp_terminate            000000018001b120     ucrt:api-ms-win-crt-runtime-l1-1-0.dll
 0002:00000128       __imp__configure_narrow_argv 000000018001b128     ucrt:api-ms-win-crt-runtime-l1-1-0.dll
 0002:00000130       \177api-ms-win-crt-runtime-l1-1-0_NULL_THUNK_DATA 000000018001b130     ucrt:api-ms-win-crt-runtime-l1-1-0.dll
 0002:00000138       __imp___stdio_common_vsprintf 000000018001b138     ucrt:api-ms-win-crt-stdio-l1-1-0.dll
 0002:00000140       \177api-ms-win-crt-stdio-l1-1-0_NULL_THUNK_DATA 000000018001b140     ucrt:api-ms-win-crt-stdio-l1-1-0.dll
 0002:00000148       __imp_strlen               000000018001b148     ucrt:api-ms-win-crt-string-l1-1-0.dll
 0002:00000150       __imp_strcat               000000018001b150     ucrt:api-ms-win-crt-string-l1-1-0.dll
 0002:00000158       __imp_strcmp               000000018001b158     ucrt:api-ms-win-crt-string-l1-1-0.dll
 0002:00000160       \177api-ms-win-crt-string-l1-1-0_NULL_THUNK_DATA 000000018001b160     ucrt:api-ms-win-crt-string-l1-1-0.dll
 0002:00000168       __imp_covrtCreateStateflowInstanceData 000000018001b168     libcovrt:libcovrt.dll
 0002:00000170       __imp_covrtDeleteStateflowInstanceData 000000018001b170     libcovrt:libcovrt.dll
 0002:00000178       __imp_covrtTransInitFcn    000000018001b178     libcovrt:libcovrt.dll
 0002:00000180       __imp_covrtStateInitFcn    000000018001b180     libcovrt:libcovrt.dll
 0002:00000188       __imp_covrtEmlIfEval       000000018001b188     libcovrt:libcovrt.dll
 0002:00000190       __imp_covrtEmlFcnEval      000000018001b190     libcovrt:libcovrt.dll
 0002:00000198       __imp_covrtEmlRelationalInitFcn 000000018001b198     libcovrt:libcovrt.dll
 0002:000001a0       __imp_covrtEmlIfInitFcn    000000018001b1a0     libcovrt:libcovrt.dll
 0002:000001a8       __imp_covrtEmlFcnInitFcn   000000018001b1a8     libcovrt:libcovrt.dll
 0002:000001b0       __imp_covrtEmlInitFcn      000000018001b1b0     libcovrt:libcovrt.dll
 0002:000001b8       __imp_covrtSigUpdateFcn    000000018001b1b8     libcovrt:libcovrt.dll
 0002:000001c0       __imp_covrtRelationalopUpdateFcn 000000018001b1c0     libcovrt:libcovrt.dll
 0002:000001c8       __imp_covrtChartInitFcn    000000018001b1c8     libcovrt:libcovrt.dll
 0002:000001d0       \177libcovrt_NULL_THUNK_DATA 000000018001b1d0     libcovrt:libcovrt.dll
 0002:000001d8       __imp_emlrtSizeMulR2012b   000000018001b1d8     libemlrt:libemlrt.dll
 0002:000001e0       __imp_emlrtDynamicBoundsCheckR2012b 000000018001b1e0     libemlrt:libemlrt.dll
 0002:000001e8       __imp_emlrtMallocMex       000000018001b1e8     libemlrt:libemlrt.dll
 0002:000001f0       __imp_emlrtCallocMex       000000018001b1f0     libemlrt:libemlrt.dll
 0002:000001f8       __imp_emlrtSubAssignSizeCheck1dR2017a 000000018001b1f8     libemlrt:libemlrt.dll
 0002:00000200       __imp_emlrtHeapAllocationErrorR2012b 000000018001b200     libemlrt:libemlrt.dll
 0002:00000208       __imp_emlrtFreeMex         000000018001b208     libemlrt:libemlrt.dll
 0002:00000210       __imp_emlrtIntegerCheckR2012b 000000018001b210     libemlrt:libemlrt.dll
 0002:00000218       \177libemlrt_NULL_THUNK_DATA 000000018001b218     libemlrt:libemlrt.dll
 0002:00000220       __imp_mexWarnMsgTxt_800    000000018001b220     libmex:libmex.dll
 0002:00000228       __imp_mexCallMATLAB_800    000000018001b228     libmex:libmex.dll
 0002:00000230       __imp_mexLock_800          000000018001b230     libmex:libmex.dll
 0002:00000238       __imp_mexMakeArrayPersistent_800 000000018001b238     libmex:libmex.dll
 0002:00000240       __imp_mexIsLocked_800      000000018001b240     libmex:libmex.dll
 0002:00000248       __imp_mexErrMsgTxt_800     000000018001b248     libmex:libmex.dll
 0002:00000250       __imp_mexUnlock_800        000000018001b250     libmex:libmex.dll
 0002:00000258       \177libmex_NULL_THUNK_DATA 000000018001b258     libmex:libmex.dll
 0002:00000260       __imp_LAPACKE_dormqr       000000018001b260     libmwlapack:libmwlapack.dll
 0002:00000268       __imp_LAPACKE_dgeqp3       000000018001b268     libmwlapack:libmwlapack.dll
 0002:00000270       \177libmwlapack_NULL_THUNK_DATA 000000018001b270     libmwlapack:libmwlapack.dll
 0002:00000278       __imp_muDoubleScalarMax    000000018001b278     libmwmathutil:libmwmathutil.dll
 0002:00000280       __imp_muDoubleScalarCeil   000000018001b280     libmwmathutil:libmwmathutil.dll
 0002:00000288       __imp_muDoubleScalarAbs    000000018001b288     libmwmathutil:libmwmathutil.dll
 0002:00000290       \177libmwmathutil_NULL_THUNK_DATA 000000018001b290     libmwmathutil:libmwmathutil.dll
 0002:00000298       __imp_rgb2gray_tbb_real64  000000018001b298     libmwrgb2gray_tbb:libmwrgb2gray_tbb.dll
 0002:000002a0       \177libmwrgb2gray_tbb_NULL_THUNK_DATA 000000018001b2a0     libmwrgb2gray_tbb:libmwrgb2gray_tbb.dll
 0002:000002a8       __imp_mxIsChar_800         000000018001b2a8     libmx:libmx.dll
 0002:000002b0       __imp_mxGetScalar_800      000000018001b2b0     libmx:libmx.dll
 0002:000002b8       __imp_mxCreateDoubleScalar_800 000000018001b2b8     libmx:libmx.dll
 0002:000002c0       __imp_mxGetN_800           000000018001b2c0     libmx:libmx.dll
 0002:000002c8       __imp_mxIsComplex_800      000000018001b2c8     libmx:libmx.dll
 0002:000002d0       __imp_mxIsNumeric_800      000000018001b2d0     libmx:libmx.dll
 0002:000002d8       __imp_mxGetClassID_800     000000018001b2d8     libmx:libmx.dll
 0002:000002e0       __imp_mxGetM_800           000000018001b2e0     libmx:libmx.dll
 0002:000002e8       __imp_mxCalloc_800         000000018001b2e8     libmx:libmx.dll
 0002:000002f0       __imp_mxGetNaN_800         000000018001b2f0     libmx:libmx.dll
 0002:000002f8       __imp_mxCreateStructMatrix_800 000000018001b2f8     libmx:libmx.dll
 0002:00000300       __imp_mxCreateCellMatrix_800 000000018001b300     libmx:libmx.dll
 0002:00000308       __imp_mxCreateString_800   000000018001b308     libmx:libmx.dll
 0002:00000310       __imp_mxSetField_800       000000018001b310     libmx:libmx.dll
 0002:00000318       __imp_mxSetCell_800        000000018001b318     libmx:libmx.dll
 0002:00000320       __imp_mxDuplicateArray_800 000000018001b320     libmx:libmx.dll
 0002:00000328       __imp_mxGetString_800      000000018001b328     libmx:libmx.dll
 0002:00000330       __imp_mxCreateDoubleMatrix_800 000000018001b330     libmx:libmx.dll
 0002:00000338       __imp_mxDestroyArray_800   000000018001b338     libmx:libmx.dll
 0002:00000340       __imp_mxGetPr_800          000000018001b340     libmx:libmx.dll
 0002:00000348       \177libmx_NULL_THUNK_DATA  000000018001b348     libmx:libmx.dll
 0002:00000350       __imp_utMalloc             000000018001b350     libut:libut.dll
 0002:00000358       __imp_utFree               000000018001b358     libut:libut.dll
 0002:00000360       \177libut_NULL_THUNK_DATA  000000018001b360     libut:libut.dll
 0002:00000368       __imp_sf_mex_error_direct_call 000000018001b368     sf_runtime:sf_runtime.dll
 0002:00000370       __imp_getRuntimeInstanceInfoAsVoid 000000018001b370     sf_runtime:sf_runtime.dll
 0002:00000378       __imp_call_sf_machine_global_method_dispatcher 000000018001b378     sf_runtime:sf_runtime.dll
 0002:00000380       __imp_callMdlMethodAndReportError 000000018001b380     sf_runtime:sf_runtime.dll
 0002:00000388       __imp_sf_get_hasSeparateUpdateOutputs 000000018001b388     sf_runtime:sf_runtime.dll
 0002:00000390       __imp_sf_get_ChartInfoStruct_CodeGen 000000018001b390     sf_runtime:sf_runtime.dll
 0002:00000398       __imp_ssGetOutputPortSignal_wrapper 000000018001b398     sf_runtime:sf_runtime.dll
 0002:000003a0       __imp_sf_clear_error_manager_info 000000018001b3a0     sf_runtime:sf_runtime.dll
 0002:000003a8       __imp_sf_mex_import        000000018001b3a8     sf_runtime:sf_runtime.dll
 0002:000003b0       __imp_sf_mex_destroy       000000018001b3b0     sf_runtime:sf_runtime.dll
 0002:000003b8       __imp_sf_mex_dup           000000018001b3b8     sf_runtime:sf_runtime.dll
 0002:000003c0       __imp_sf_mex_assign        000000018001b3c0     sf_runtime:sf_runtime.dll
 0002:000003c8       __imp_sf_mex_getcell       000000018001b3c8     sf_runtime:sf_runtime.dll
 0002:000003d0       __imp_sf_mex_setcell       000000018001b3d0     sf_runtime:sf_runtime.dll
 0002:000003d8       __imp_sf_mex_createcellmatrix 000000018001b3d8     sf_runtime:sf_runtime.dll
 0002:000003e0       __imp_sf_mex_create        000000018001b3e0     sf_runtime:sf_runtime.dll
 0002:000003e8       __imp_sf_mex_error_message 000000018001b3e8     sf_runtime:sf_runtime.dll
 0002:000003f0       __imp_sf_mex_call          000000018001b3f0     sf_runtime:sf_runtime.dll
 0002:000003f8       __imp_sfListenerLightTerminate 000000018001b3f8     sf_runtime:sf_runtime.dll
 0002:00000400       __imp_sfListenerCacheSimStruct 000000018001b400     sf_runtime:sf_runtime.dll
 0002:00000408       __imp_sf_set_work_widths   000000018001b408     sf_runtime:sf_runtime.dll
 0002:00000410       __imp_sf_warn_if_symbolic_dimension_param_changed 000000018001b410     sf_runtime:sf_runtime.dll
 0002:00000418       __imp_setDebuggerFlag      000000018001b418     sf_runtime:sf_runtime.dll
 0002:00000420       __imp_setLegacyDebuggerFlag 000000018001b420     sf_runtime:sf_runtime.dll
 0002:00000428       __imp_setDataBrowseFcn     000000018001b428     sf_runtime:sf_runtime.dll
 0002:00000430       __imp_sfDoAnimationWrapper 000000018001b430     sf_runtime:sf_runtime.dll
 0002:00000438       __imp_sf_get_time          000000018001b438     sf_runtime:sf_runtime.dll
 0002:00000440       __imp_sf_clear_rtw_identifier 000000018001b440     sf_runtime:sf_runtime.dll
 0002:00000448       __imp_sf_mex_listen_for_ctrl_c 000000018001b448     sf_runtime:sf_runtime.dll
 0002:00000450       __imp_sim_mode_is_external 000000018001b450     sf_runtime:sf_runtime.dll
 0002:00000458       __imp_sim_mode_is_rtw_gen  000000018001b458     sf_runtime:sf_runtime.dll
 0002:00000460       __imp_sf_get_chart_instance_ptr 000000018001b460     sf_runtime:sf_runtime.dll
 0002:00000468       __imp_sfrtGetCovrtInstance 000000018001b468     sf_runtime:sf_runtime.dll
 0002:00000470       __imp_sfrtGetEmlrtCtx      000000018001b470     sf_runtime:sf_runtime.dll
 0002:00000478       __imp_sf_free_ChartRunTimeInfo 000000018001b478     sf_runtime:sf_runtime.dll
 0002:00000480       __imp_sf_init_ChartRunTimeInfo 000000018001b480     sf_runtime:sf_runtime.dll
 0002:00000488       __imp_sf_mex_decode        000000018001b488     sf_runtime:sf_runtime.dll
 0002:00000490       __imp_sf_load_rtw_optimization_info 000000018001b490     sf_runtime:sf_runtime.dll
 0002:00000498       __imp_ssGetInputPortSignal_wrapper 000000018001b498     sf_runtime:sf_runtime.dll
 0002:000004a0       \177sf_runtime_NULL_THUNK_DATA 000000018001b4a0     sf_runtime:sf_runtime.dll
 0002:000004a8       __guard_check_icall_fptr   000000018001b4a8     MSVCRT:guard_support.obj
 0002:000004b0       __guard_dispatch_icall_fptr 000000018001b4b0     MSVCRT:guard_support.obj
 0002:000004b8       __xc_a                     000000018001b4b8     MSVCRT:initializers.obj
 0002:000004c0       __xc_z                     000000018001b4c0     MSVCRT:initializers.obj
 0002:000004c8       __xi_a                     000000018001b4c8     MSVCRT:initializers.obj
 0002:000004d0       __xi_z                     000000018001b4d0     MSVCRT:initializers.obj
 0002:000004d8       __xp_a                     000000018001b4d8     MSVCRT:initializers.obj
 0002:000004e0       __xp_z                     000000018001b4e0     MSVCRT:initializers.obj
 0002:000004e8       __xt_a                     000000018001b4e8     MSVCRT:initializers.obj
 0002:000004f0       __xt_z                     000000018001b4f0     MSVCRT:initializers.obj
 0002:00000500       __real@41b2c64d5f000000    000000018001b500     Traffic_Light_cs_sfun.obj
 0002:00000508       __real@41b33a4072000000    000000018001b508     Traffic_Light_cs_sfun.obj
 0002:00000510       __real@41c7979eec000000    000000018001b510     Traffic_Light_cs_sfun.obj
 0002:00000518       __real@41e1335f27a00000    000000018001b518     Traffic_Light_cs_sfun.obj
 0002:00000520       __real@41e1d5ae8cc00000    000000018001b520     Traffic_Light_cs_sfun.obj
 0002:00000528       __real@41e2bc12e8600000    000000018001b528     Traffic_Light_cs_sfun.obj
 0002:00000530       __real@41e46eb648600000    000000018001b530     Traffic_Light_cs_sfun.obj
 0002:00000538       __real@41e52feab1000000    000000018001b538     Traffic_Light_cs_sfun.obj
 0002:00000540       __real@41e67b47dda00000    000000018001b540     Traffic_Light_cs_sfun.obj
 0002:00000548       __real@41e6dfcf2ec00000    000000018001b548     Traffic_Light_cs_sfun.obj
 0002:00000550       __real@41ec5da262000000    000000018001b550     Traffic_Light_cs_sfun.obj
 0002:00000558       __real@41eef0f33ac00000    000000018001b558     Traffic_Light_cs_sfun.obj
 0002:000005a0       __real@3d4a900000000000    000000018001b5a0     c5_Traffic_Light_cs.obj
 0002:000005a8       __real@3ff0000000000000    000000018001b5a8     c5_Traffic_Light_cs.obj
 0002:000005b0       __real@4000000000000000    000000018001b5b0     c5_Traffic_Light_cs.obj
 0002:000005b8       __real@4024000000000000    000000018001b5b8     c5_Traffic_Light_cs.obj
 0002:000005c0       __real@403e000000000000    000000018001b5c0     c5_Traffic_Light_cs.obj
 0002:000005c8       __real@4049000000000000    000000018001b5c8     c5_Traffic_Light_cs.obj
 0002:000005d0       __real@4052c00000000000    000000018001b5d0     c5_Traffic_Light_cs.obj
 0002:000005d8       __real@4054000000000000    000000018001b5d8     c5_Traffic_Light_cs.obj
 0002:000005e0       __real@4059000000000000    000000018001b5e0     c5_Traffic_Light_cs.obj
 0002:000005e8       __real@405b800000000000    000000018001b5e8     c5_Traffic_Light_cs.obj
 0002:000005f0       __real@4072c00000000000    000000018001b5f0     c5_Traffic_Light_cs.obj
 0002:000005f8       __real@4073600000000000    000000018001b5f8     c5_Traffic_Light_cs.obj
 0002:00000600       __real@414a5e0000000000    000000018001b600     c5_Traffic_Light_cs.obj
 0002:00000608       __real@41dcd83c3bc00000    000000018001b608     c5_Traffic_Light_cs.obj
 0002:00000610       __real@41dd04ae16000000    000000018001b610     c5_Traffic_Light_cs.obj
 0002:00000618       __real@41ddbdf366000000    000000018001b618     c5_Traffic_Light_cs.obj
 0002:00000620       __real@41e0b5ea88a00000    000000018001b620     c5_Traffic_Light_cs.obj
 0002:00000628       __real@bff0000000000000    000000018001b628     c5_Traffic_Light_cs.obj
 0002:00000630       __real@c059000000000000    000000018001b630     c5_Traffic_Light_cs.obj
 0002:00000638       __real@c072c00000000000    000000018001b638     c5_Traffic_Light_cs.obj
 0002:00000680       __real@41bc310357000000    000000018001b680     c19_Traffic_Light_cs.obj
 0002:00000688       __real@41c2f67cf7800000    000000018001b688     c19_Traffic_Light_cs.obj
 0002:00000690       __real@41e82df681400000    000000018001b690     c19_Traffic_Light_cs.obj
 0002:00000698       __real@41ecc02747800000    000000018001b698     c19_Traffic_Light_cs.obj
 0002:000006a0       DYNAMIC_DIMENSION_DEF      000000018001b6a0     Traffic_Light_cs_sfun_registry.obj
 0002:000006b8       __real@0000000000000000    000000018001b6b8     Traffic_Light_cs_sfun_registry.obj
 0002:000006c0       __real@4010000000000000    000000018001b6c0     Traffic_Light_cs_sfun_registry.obj
 0002:000006c8       __real@41602cbca0000000    000000018001b6c8     Traffic_Light_cs_sfun_registry.obj
 0002:000006e0       _pDefaultRawDllMain        000000018001b6e0     MSVCRT:dll_dllmain.obj
 0002:000006e0       _pRawDllMain               000000018001b6e0     MSVCRT:dll_dllmain.obj
 0002:00000710       _load_config_used          000000018001b710     MSVCRT:loadcfg.obj
 0002:00000a28       __rtc_iaa                  000000018001ba28     MSVCRT:initsect.obj
 0002:00000a30       __rtc_izz                  000000018001ba30     MSVCRT:initsect.obj
 0002:00000a38       __rtc_taa                  000000018001ba38     MSVCRT:initsect.obj
 0002:00000a40       __rtc_tzz                  000000018001ba40     MSVCRT:initsect.obj
 0002:000015f0       __IMPORT_DESCRIPTOR_libmwrgb2gray_tbb 000000018001c5f0     libmwrgb2gray_tbb:libmwrgb2gray_tbb.dll
 0002:00001604       __IMPORT_DESCRIPTOR_libmwlapack 000000018001c604     libmwlapack:libmwlapack.dll
 0002:00001618       __IMPORT_DESCRIPTOR_sf_runtime 000000018001c618     sf_runtime:sf_runtime.dll
 0002:0000162c       __IMPORT_DESCRIPTOR_libmx  000000018001c62c     libmx:libmx.dll
 0002:00001640       __IMPORT_DESCRIPTOR_libmex 000000018001c640     libmex:libmex.dll
 0002:00001654       __IMPORT_DESCRIPTOR_libut  000000018001c654     libut:libut.dll
 0002:00001668       __IMPORT_DESCRIPTOR_libmwmathutil 000000018001c668     libmwmathutil:libmwmathutil.dll
 0002:0000167c       __IMPORT_DESCRIPTOR_libemlrt 000000018001c67c     libemlrt:libemlrt.dll
 0002:00001690       __IMPORT_DESCRIPTOR_libcovrt 000000018001c690     libcovrt:libcovrt.dll
 0002:000016a4       __IMPORT_DESCRIPTOR_KERNEL32 000000018001c6a4     kernel32:KERNEL32.dll
 0002:000016b8       __IMPORT_DESCRIPTOR_VCRUNTIME140 000000018001c6b8     vcruntime:VCRUNTIME140.dll
 0002:000016cc       __IMPORT_DESCRIPTOR_api-ms-win-crt-string-l1-1-0 000000018001c6cc     ucrt:api-ms-win-crt-string-l1-1-0.dll
 0002:000016e0       __IMPORT_DESCRIPTOR_api-ms-win-crt-stdio-l1-1-0 000000018001c6e0     ucrt:api-ms-win-crt-stdio-l1-1-0.dll
 0002:000016f4       __IMPORT_DESCRIPTOR_api-ms-win-crt-heap-l1-1-0 000000018001c6f4     ucrt:api-ms-win-crt-heap-l1-1-0.dll
 0002:00001708       __IMPORT_DESCRIPTOR_api-ms-win-crt-runtime-l1-1-0 000000018001c708     ucrt:api-ms-win-crt-runtime-l1-1-0.dll
 0002:0000171c       __NULL_IMPORT_DESCRIPTOR   000000018001c71c     libmwrgb2gray_tbb:libmwrgb2gray_tbb.dll
 0003:00008930       DYNAMIC_DIMENSION          0000000180026930     Traffic_Light_cs_sfun_registry.obj
 0003:0000ad00       __security_cookie_complement 0000000180028d00     MSVCRT:gs_cookie.obj
 0003:0000ad08       __security_cookie          0000000180028d08     MSVCRT:gs_cookie.obj
 0003:0000ad10       _fltused                   0000000180028d10     MSVCRT:fltused.obj
 0003:0000ad20       __scrt_native_dllmain_reason 0000000180028d20     MSVCRT:utility.obj
 0003:0000ad28       __isa_available            0000000180028d28     MSVCRT:cpu_disp.obj
 0003:0000ad2c       __isa_enabled              0000000180028d2c     MSVCRT:cpu_disp.obj
 0003:0000ad30       __memcpy_nt_iters          0000000180028d30     MSVCRT:cpu_disp.obj
 0003:0000ad40       __scrt_ucrt_dll_is_in_use  0000000180028d40     MSVCRT:ucrt_stubs.obj
 0003:0000bbe0       ?__type_info_root_node@@3U__type_info_node@@A 0000000180029be0     MSVCRT:tncleanup.obj
 0003:0000bbf0       ?_OptionsStorage@?1??__local_stdio_printf_options@@9@4_KA 0000000180029bf0     MSVCRT:default_local_stdio_options.obj
 0003:0000bbf8       ?_OptionsStorage@?1??__local_stdio_scanf_options@@9@4_KA 0000000180029bf8     MSVCRT:default_local_stdio_options.obj
 0003:0000bc00       __scrt_current_native_startup_state 0000000180029c00     MSVCRT:utility.obj
 0003:0000bc08       __scrt_native_startup_lock 0000000180029c08     MSVCRT:utility.obj
 0003:0000bc48       __scrt_debugger_hook_flag  0000000180029c48     MSVCRT:utility_desktop.obj
 0003:0000bc4c       __favor                    0000000180029c4c     MSVCRT:cpu_disp.obj
 0003:0000bc50       ?_OptionsStorage@?1??__local_stdio_printf_options@@9@9 0000000180029c50     <common>
 0003:0000bc58       __dyn_tls_init_callback    0000000180029c58     <common>

 entry point at        0001:000187b8

 Static symbols

 0000:00000000       .debug$S                   0000000180000000     libmex:libmex.dll
 0000:00000000       .debug$S                   0000000180000000     sf_runtime:sf_runtime.dll
 0000:00000000       .debug$S                   0000000180000000     sf_runtime:sf_runtime.dll
 0000:00000000       .debug$S                   0000000180000000     sf_runtime:sf_runtime.dll
 0000:00000000       .debug$S                   0000000180000000     sf_runtime:sf_runtime.dll
 0000:00000000       .debug$S                   0000000180000000     sf_runtime:sf_runtime.dll
 0000:00000000       .debug$S                   0000000180000000     Traffic_Light_cs_sfun.exp
 0000:00000000       .debug$S                   0000000180000000     sf_runtime:sf_runtime.dll
 0000:00000000       .debug$S                   0000000180000000     sf_runtime:sf_runtime.dll
 0000:00000000       .debug$S                   0000000180000000     sf_runtime:sf_runtime.dll
 0000:00000000       .debug$S                   0000000180000000     sf_runtime:sf_runtime.dll
 0000:00000000       .debug$S                   0000000180000000     sf_runtime:sf_runtime.dll
 0000:00000000       .debug$S                   0000000180000000     ucrt:api-ms-win-crt-runtime-l1-1-0.dll
 0000:00000000       .debug$S                   0000000180000000     ucrt:api-ms-win-crt-runtime-l1-1-0.dll
 0000:00000000       .debug$S                   0000000180000000     ucrt:api-ms-win-crt-runtime-l1-1-0.dll
 0000:00000000       .debug$S                   0000000180000000     ucrt:api-ms-win-crt-runtime-l1-1-0.dll
 0000:00000000       .debug$S                   0000000180000000     ucrt:api-ms-win-crt-runtime-l1-1-0.dll
 0000:00000000       .debug$S                   0000000180000000     ucrt:api-ms-win-crt-runtime-l1-1-0.dll
 0000:00000000       .debug$S                   0000000180000000     ucrt:api-ms-win-crt-runtime-l1-1-0.dll
 0000:00000000       .debug$S                   0000000180000000     ucrt:api-ms-win-crt-runtime-l1-1-0.dll
 0000:00000000       .debug$S                   0000000180000000     ucrt:api-ms-win-crt-runtime-l1-1-0.dll
 0000:00000000       .debug$S                   0000000180000000     ucrt:api-ms-win-crt-runtime-l1-1-0.dll
 0000:00000000       .debug$S                   0000000180000000     ucrt:api-ms-win-crt-runtime-l1-1-0.dll
 0000:00000000       .debug$S                   0000000180000000     ucrt:api-ms-win-crt-runtime-l1-1-0.dll
 0000:00000000       .debug$S                   0000000180000000     ucrt:api-ms-win-crt-string-l1-1-0.dll
 0000:00000000       .debug$S                   0000000180000000     ucrt:api-ms-win-crt-heap-l1-1-0.dll
 0000:00000000       .debug$S                   0000000180000000     ucrt:api-ms-win-crt-heap-l1-1-0.dll
 0000:00000000       .debug$S                   0000000180000000     ucrt:api-ms-win-crt-stdio-l1-1-0.dll
 0000:00000000       .debug$S                   0000000180000000     ucrt:api-ms-win-crt-string-l1-1-0.dll
 0000:00000000       .debug$S                   0000000180000000     ucrt:api-ms-win-crt-string-l1-1-0.dll
 0000:00000000       .debug$S                   0000000180000000     sf_runtime:sf_runtime.dll
 0000:00000000       .debug$S                   0000000180000000     vcruntime:VCRUNTIME140.dll
 0000:00000000       .debug$S                   0000000180000000     vcruntime:VCRUNTIME140.dll
 0000:00000000       .debug$S                   0000000180000000     vcruntime:VCRUNTIME140.dll
 0000:00000000       .debug$S                   0000000180000000     vcruntime:VCRUNTIME140.dll
 0000:00000000       .debug$S                   0000000180000000     sf_runtime:sf_runtime.dll
 0000:00000000       .debug$S                   0000000180000000     kernel32:KERNEL32.dll
 0000:00000000       .debug$S                   0000000180000000     kernel32:KERNEL32.dll
 0000:00000000       .debug$S                   0000000180000000     kernel32:KERNEL32.dll
 0000:00000000       .debug$S                   0000000180000000     kernel32:KERNEL32.dll
 0000:00000000       .debug$S                   0000000180000000     kernel32:KERNEL32.dll
 0000:00000000       .debug$S                   0000000180000000     kernel32:KERNEL32.dll
 0000:00000000       .debug$S                   0000000180000000     kernel32:KERNEL32.dll
 0000:00000000       .debug$S                   0000000180000000     kernel32:KERNEL32.dll
 0000:00000000       .debug$S                   0000000180000000     kernel32:KERNEL32.dll
 0000:00000000       .debug$S                   0000000180000000     kernel32:KERNEL32.dll
 0000:00000000       .debug$S                   0000000180000000     kernel32:KERNEL32.dll
 0000:00000000       .debug$S                   0000000180000000     kernel32:KERNEL32.dll
 0000:00000000       .debug$S                   0000000180000000     kernel32:KERNEL32.dll
 0000:00000000       .debug$S                   0000000180000000     kernel32:KERNEL32.dll
 0000:00000000       .debug$S                   0000000180000000     kernel32:KERNEL32.dll
 0000:00000000       .debug$S                   0000000180000000     kernel32:KERNEL32.dll
 0000:00000000       .debug$S                   0000000180000000     kernel32:KERNEL32.dll
 0000:00000000       .debug$S                   0000000180000000     sf_runtime:sf_runtime.dll
 0000:00000000       .debug$S                   0000000180000000     libmx:libmx.dll
 0000:00000000       .debug$S                   0000000180000000     libmx:libmx.dll
 0000:00000000       .debug$S                   0000000180000000     libmx:libmx.dll
 0002:fffe5000       __guard_fids__guard_icall_checks_enforced 0000000180000000     MSVCRT:guard_support.obj
 0002:fffe5000       __guard_fids__             0000000180000000     MSVCRT:guard_support.obj
 0000:00000000       .debug$S                   0000000180000000     libmx:libmx.dll
 0000:00000000       .debug$S                   0000000180000000     libmx:libmx.dll
 0000:00000000       .debug$S                   0000000180000000     libmx:libmx.dll
 0000:00000000       .debug$S                   0000000180000000     libmx:libmx.dll
 0000:00000000       .debug$S                   0000000180000000     libmx:libmx.dll
 0000:00000000       .debug$S                   0000000180000000     libmx:libmx.dll
 0000:00000000       .debug$S                   0000000180000000     libmx:libmx.dll
 0000:00000000       .debug$S                   0000000180000000     libmx:libmx.dll
 0002:fffe5000       __guard_fids___scrt_set_unhandled_exception_filter 0000000180000000     MSVCRT:utility_desktop.obj
 0000:00000000       .debug$S                   0000000180000000     libmx:libmx.dll
 0000:00000000       .debug$S                   0000000180000000     libmx:libmx.dll
 0000:00000000       .debug$S                   0000000180000000     libmx:libmx.dll
 0000:00000000       .debug$S                   0000000180000000     libmx:libmx.dll
 0000:00000000       .debug$S                   0000000180000000     libmx:libmx.dll
 0000:00000000       .debug$S                   0000000180000000     libmx:libmx.dll
 0000:00000000       .debug$S                   0000000180000000     libmx:libmx.dll
 0000:00000000       .debug$S                   0000000180000000     libmx:libmx.dll
 0000:00000000       .debug$S                   0000000180000000     libmx:libmx.dll
 0000:00000000       .debug$S                   0000000180000000     sf_runtime:sf_runtime.dll
 0000:00000000       .debug$S                   0000000180000000     libmex:libmex.dll
 0000:00000000       .debug$S                   0000000180000000     libmex:libmex.dll
 0000:00000000       .debug$S                   0000000180000000     libmex:libmex.dll
 0000:00000000       .debug$S                   0000000180000000     libmex:libmex.dll
 0000:00000000       .debug$S                   0000000180000000     libmex:libmex.dll
 0000:00000000       .debug$S                   0000000180000000     libmex:libmex.dll
 0000:00000000       .debug$S                   0000000180000000     sf_runtime:sf_runtime.dll
 0000:00000000       .debug$S                   0000000180000000     libut:libut.dll
 0000:00000000       .debug$S                   0000000180000000     libut:libut.dll
 0000:00000000       .debug$S                   0000000180000000     sf_runtime:sf_runtime.dll
 0000:00000000       .debug$S                   0000000180000000     libmwmathutil:libmwmathutil.dll
 0000:00000000       .debug$S                   0000000180000000     libmwmathutil:libmwmathutil.dll
 0000:00000000       .debug$S                   0000000180000000     libmwmathutil:libmwmathutil.dll
 0000:00000000       .debug$S                   0000000180000000     sf_runtime:sf_runtime.dll
 0000:00000000       .debug$S                   0000000180000000     libemlrt:libemlrt.dll
 0000:00000000       .debug$S                   0000000180000000     libemlrt:libemlrt.dll
 0000:00000000       .debug$S                   0000000180000000     libemlrt:libemlrt.dll
 0000:00000000       .debug$S                   0000000180000000     libemlrt:libemlrt.dll
 0000:00000000       .debug$S                   0000000180000000     libemlrt:libemlrt.dll
 0000:00000000       .debug$S                   0000000180000000     libemlrt:libemlrt.dll
 0000:00000000       .debug$S                   0000000180000000     libemlrt:libemlrt.dll
 0000:00000000       .debug$S                   0000000180000000     libemlrt:libemlrt.dll
 0000:00000000       .debug$S                   0000000180000000     sf_runtime:sf_runtime.dll
 0000:00000000       .debug$S                   0000000180000000     libcovrt:libcovrt.dll
 0000:00000000       .debug$S                   0000000180000000     libcovrt:libcovrt.dll
 0000:00000000       .debug$S                   0000000180000000     libcovrt:libcovrt.dll
 0000:00000000       .debug$S                   0000000180000000     libcovrt:libcovrt.dll
 0000:00000000       .debug$S                   0000000180000000     libcovrt:libcovrt.dll
 0000:00000000       .debug$S                   0000000180000000     libcovrt:libcovrt.dll
 0000:00000000       .debug$S                   0000000180000000     libcovrt:libcovrt.dll
 0000:00000000       .debug$S                   0000000180000000     libcovrt:libcovrt.dll
 0000:00000000       .debug$S                   0000000180000000     libcovrt:libcovrt.dll
 0000:00000000       .debug$S                   0000000180000000     libcovrt:libcovrt.dll
 0000:00000000       .debug$S                   0000000180000000     libcovrt:libcovrt.dll
 0000:00000000       .debug$S                   0000000180000000     libcovrt:libcovrt.dll
 0000:00000000       .debug$S                   0000000180000000     libcovrt:libcovrt.dll
 0000:00000000       .debug$S                   0000000180000000     sf_runtime:sf_runtime.dll
 0000:00000000       .debug$S                   0000000180000000     sf_runtime:sf_runtime.dll
 0000:00000000       .debug$S                   0000000180000000     sf_runtime:sf_runtime.dll
 0000:00000000       .debug$S                   0000000180000000     sf_runtime:sf_runtime.dll
 0000:00000000       .debug$S                   0000000180000000     sf_runtime:sf_runtime.dll
 0000:00000000       .debug$S                   0000000180000000     sf_runtime:sf_runtime.dll
 0000:00000000       .debug$S                   0000000180000000     sf_runtime:sf_runtime.dll
 0000:00000000       .debug$S                   0000000180000000     sf_runtime:sf_runtime.dll
 0000:00000000       .debug$S                   0000000180000000     sf_runtime:sf_runtime.dll
 0000:00000000       .debug$S                   0000000180000000     sf_runtime:sf_runtime.dll
 0000:00000000       .debug$S                   0000000180000000     sf_runtime:sf_runtime.dll
 0000:00000000       .debug$S                   0000000180000000     sf_runtime:sf_runtime.dll
 0000:00000000       .debug$S                   0000000180000000     sf_runtime:sf_runtime.dll
 0000:00000000       .debug$S                   0000000180000000     sf_runtime:sf_runtime.dll
 0000:00000000       .debug$S                   0000000180000000     sf_runtime:sf_runtime.dll
 0002:fffe5000       __guard_fids_?dllmain_dispatch@@YAHQEAUHINSTANCE__@@KQEAX@Z 0000000180000000     MSVCRT:dll_dllmain.obj
 0000:00000000       .debug$S                   0000000180000000     sf_runtime:sf_runtime.dll
 0000:00000000       .debug$S                   0000000180000000     sf_runtime:sf_runtime.dll
 0000:00000000       .debug$S                   0000000180000000     sf_runtime:sf_runtime.dll
 0000:00000000       .debug$S                   0000000180000000     sf_runtime:sf_runtime.dll
 0000:00000000       .debug$S                   0000000180000000     sf_runtime:sf_runtime.dll
 0000:00000000       .debug$S                   0000000180000000     sf_runtime:sf_runtime.dll
 0000:00000000       .debug$S                   0000000180000000     libmwlapack:libmwlapack.dll
 0000:00000000       .debug$S                   0000000180000000     libmwlapack:libmwlapack.dll
 0000:00000000       .debug$S                   0000000180000000     libmwrgb2gray_tbb:libmwrgb2gray_tbb.dll
 0001:000012b0       initialize_c5_Traffic_Light_cs 00000001800022b0 f   c5_Traffic_Light_cs.obj
 0001:00001310       initialize_params_c5_Traffic_Light_cs 0000000180002310 f   c5_Traffic_Light_cs.obj
 0001:00001320       enable_c5_Traffic_Light_cs 0000000180002320 f   c5_Traffic_Light_cs.obj
 0001:00001350       disable_c5_Traffic_Light_cs 0000000180002350 f   c5_Traffic_Light_cs.obj
 0001:00001380       c5_do_animation_call_c5_Traffic_Light_cs 0000000180002380 f   c5_Traffic_Light_cs.obj
 0001:000013c0       get_sim_state_c5_Traffic_Light_cs 00000001800023c0 f   c5_Traffic_Light_cs.obj
 0001:00001510       set_sim_state_c5_Traffic_Light_cs 0000000180002510 f   c5_Traffic_Light_cs.obj
 0001:000015d0       finalize_c5_Traffic_Light_cs 00000001800025d0 f   c5_Traffic_Light_cs.obj
 0001:00001610       sf_gateway_c5_Traffic_Light_cs 0000000180002610 f   c5_Traffic_Light_cs.obj
 0001:000017f0       mdl_start_c5_Traffic_Light_cs 00000001800027f0 f   c5_Traffic_Light_cs.obj
 0001:00001c80       c5_chartstep_c5_Traffic_Light_cs 0000000180002c80 f   c5_Traffic_Light_cs.obj
 0001:00004520       initSimStructsc5_Traffic_Light_cs 0000000180005520 f   c5_Traffic_Light_cs.obj
 0001:00004530       c5_rgb2gray                0000000180005530 f   c5_Traffic_Light_cs.obj
 0001:00004570       c5_polyfit                 0000000180005570 f   c5_Traffic_Light_cs.obj
 0001:000045f0       c5_qrsolve                 00000001800055f0 f   c5_Traffic_Light_cs.obj
 0001:00004790       c5_xgeqp3                  0000000180005790 f   c5_Traffic_Light_cs.obj
 0001:00004f20       c5_check_forloop_overflow_error 0000000180005f20 f   c5_Traffic_Light_cs.obj
 0001:00005120       c5_rankFromQR              0000000180006120 f   c5_Traffic_Light_cs.obj
 0001:00005420       c5_warning                 0000000180006420 f   c5_Traffic_Light_cs.obj
 0001:000056f0       c5_LSQFromQR               00000001800066f0 f   c5_Traffic_Light_cs.obj
 0001:00006050       c5_b_warning               0000000180007050 f   c5_Traffic_Light_cs.obj
 0001:00006220       c5_polyval                 0000000180007220 f   c5_Traffic_Light_cs.obj
 0001:000062b0       c5_eml_find                00000001800072b0 f   c5_Traffic_Light_cs.obj
 0001:000064b0       c5_b_indexShapeCheck       00000001800074b0 f   c5_Traffic_Light_cs.obj
 0001:000064c0       c5_b_eml_find              00000001800074c0 f   c5_Traffic_Light_cs.obj
 0001:000066c0       c5_emlrt_marshallIn        00000001800076c0 f   c5_Traffic_Light_cs.obj
 0001:00006730       c5_b_emlrt_marshallIn      0000000180007730 f   c5_Traffic_Light_cs.obj
 0001:00006820       c5_c_emlrt_marshallIn      0000000180007820 f   c5_Traffic_Light_cs.obj
 0001:00006890       c5_d_emlrt_marshallIn      0000000180007890 f   c5_Traffic_Light_cs.obj
 0001:00006920       c5_e_emlrt_marshallIn      0000000180007920 f   c5_Traffic_Light_cs.obj
 0001:00006990       c5_f_emlrt_marshallIn      0000000180007990 f   c5_Traffic_Light_cs.obj
 0001:00006a20       c5_chart_data_browse_helper 0000000180007a20 f   c5_Traffic_Light_cs.obj
 0001:00006c70       c5_emxEnsureCapacity_real_T 0000000180007c70 f   c5_Traffic_Light_cs.obj
 0001:00006de0       c5_emxInit_real_T          0000000180007de0 f   c5_Traffic_Light_cs.obj
 0001:00006ee0       c5_emxInit_int32_T         0000000180007ee0 f   c5_Traffic_Light_cs.obj
 0001:00006fe0       c5_emxFree_real_T          0000000180007fe0 f   c5_Traffic_Light_cs.obj
 0001:00007060       c5_emxFree_int32_T         0000000180008060 f   c5_Traffic_Light_cs.obj
 0001:000070e0       c5_emxEnsureCapacity_int32_T 00000001800080e0 f   c5_Traffic_Light_cs.obj
 0001:00007250       init_dsm_address_info      0000000180008250 f   c5_Traffic_Light_cs.obj
 0001:00007260       init_simulink_io_address   0000000180008260 f   c5_Traffic_Light_cs.obj
 0001:00007570       sf_get_sim_state_info_c5_Traffic_Light_cs 0000000180008570 f   c5_Traffic_Light_cs.obj
 0001:00007630       sf_opaque_initialize_c5_Traffic_Light_cs 0000000180008630 f   c5_Traffic_Light_cs.obj
 0001:00007660       sf_opaque_enable_c5_Traffic_Light_cs 0000000180008660 f   c5_Traffic_Light_cs.obj
 0001:00007680       sf_opaque_disable_c5_Traffic_Light_cs 0000000180008680 f   c5_Traffic_Light_cs.obj
 0001:000076a0       sf_opaque_gateway_c5_Traffic_Light_cs 00000001800086a0 f   c5_Traffic_Light_cs.obj
 0001:000076c0       sf_opaque_get_sim_state_c5_Traffic_Light_cs 00000001800086c0 f   c5_Traffic_Light_cs.obj
 0001:000076f0       sf_opaque_set_sim_state_c5_Traffic_Light_cs 00000001800086f0 f   c5_Traffic_Light_cs.obj
 0001:00007720       sf_opaque_terminate_c5_Traffic_Light_cs 0000000180008720 f   c5_Traffic_Light_cs.obj
 0001:000077c0       mdlProcessParameters_c5_Traffic_Light_cs 00000001800087c0 f   c5_Traffic_Light_cs.obj
 0001:00007a20       mdlSetWorkWidths_c5_Traffic_Light_cs 0000000180008a20 f   c5_Traffic_Light_cs.obj
 0001:00007ab0       mdlRTW_c5_Traffic_Light_cs 0000000180008ab0 f   c5_Traffic_Light_cs.obj
 0001:00007af0       mdlStart_c5_Traffic_Light_cs 0000000180008af0 f   c5_Traffic_Light_cs.obj
 0001:00007f10       initialize_c19_Traffic_Light_cs 0000000180008f10 f   c19_Traffic_Light_cs.obj
 0001:00007f70       initialize_params_c19_Traffic_Light_cs 0000000180008f70 f   c19_Traffic_Light_cs.obj
 0001:00007f80       enable_c19_Traffic_Light_cs 0000000180008f80 f   c19_Traffic_Light_cs.obj
 0001:00007fb0       disable_c19_Traffic_Light_cs 0000000180008fb0 f   c19_Traffic_Light_cs.obj
 0001:00007fe0       c19_do_animation_call_c19_Traffic_Light_cs 0000000180008fe0 f   c19_Traffic_Light_cs.obj
 0001:00008020       get_sim_state_c19_Traffic_Light_cs 0000000180009020 f   c19_Traffic_Light_cs.obj
 0001:00008170       set_sim_state_c19_Traffic_Light_cs 0000000180009170 f   c19_Traffic_Light_cs.obj
 0001:00008230       finalize_c19_Traffic_Light_cs 0000000180009230 f   c19_Traffic_Light_cs.obj
 0001:00008270       sf_gateway_c19_Traffic_Light_cs 0000000180009270 f   c19_Traffic_Light_cs.obj
 0001:00008450       mdl_start_c19_Traffic_Light_cs 0000000180009450 f   c19_Traffic_Light_cs.obj
 0001:000088e0       c19_chartstep_c19_Traffic_Light_cs 00000001800098e0 f   c19_Traffic_Light_cs.obj
 0001:0000b180       initSimStructsc19_Traffic_Light_cs 000000018000c180 f   c19_Traffic_Light_cs.obj
 0001:0000b190       c19_rgb2gray               000000018000c190 f   c19_Traffic_Light_cs.obj
 0001:0000b1d0       c19_polyfit                000000018000c1d0 f   c19_Traffic_Light_cs.obj
 0001:0000b250       c19_qrsolve                000000018000c250 f   c19_Traffic_Light_cs.obj
 0001:0000b3f0       c19_xgeqp3                 000000018000c3f0 f   c19_Traffic_Light_cs.obj
 0001:0000bb80       c19_check_forloop_overflow_error 000000018000cb80 f   c19_Traffic_Light_cs.obj
 0001:0000bd80       c19_rankFromQR             000000018000cd80 f   c19_Traffic_Light_cs.obj
 0001:0000c080       c19_warning                000000018000d080 f   c19_Traffic_Light_cs.obj
 0001:0000c350       c19_LSQFromQR              000000018000d350 f   c19_Traffic_Light_cs.obj
 0001:0000ccb0       c19_b_warning              000000018000dcb0 f   c19_Traffic_Light_cs.obj
 0001:0000ce80       c19_polyval                000000018000de80 f   c19_Traffic_Light_cs.obj
[...]
 0004:000004e0       $pdata$sf_c19_Traffic_Light_cs_jit_fallback_info 000000018002a4e0     c19_Traffic_Light_cs.obj
 0004:000004ec       $pdata$sf_c19_Traffic_Light_cs_updateBuildInfo_args_info 000000018002a4ec     c19_Traffic_Light_cs.obj
 0004:000004f8       $pdata$sf_get_sim_state_info_c19_Traffic_Light_cs 000000018002a4f8     c19_Traffic_Light_cs.obj
 0004:00000504       $pdata$sf_opaque_initialize_c19_Traffic_Light_cs 000000018002a504     c19_Traffic_Light_cs.obj
 0004:00000510       $pdata$sf_opaque_enable_c19_Traffic_Light_cs 000000018002a510     c19_Traffic_Light_cs.obj
 0004:0000051c       $pdata$sf_opaque_disable_c19_Traffic_Light_cs 000000018002a51c     c19_Traffic_Light_cs.obj
 0004:00000528       $pdata$sf_opaque_gateway_c19_Traffic_Light_cs 000000018002a528     c19_Traffic_Light_cs.obj
 0004:00000534       $pdata$sf_opaque_get_sim_state_c19_Traffic_Light_cs 000000018002a534     c19_Traffic_Light_cs.obj
 0004:00000540       $pdata$sf_opaque_set_sim_state_c19_Traffic_Light_cs 000000018002a540     c19_Traffic_Light_cs.obj
 0004:0000054c       $pdata$sf_opaque_terminate_c19_Traffic_Light_cs 000000018002a54c     c19_Traffic_Light_cs.obj
 0004:00000558       $pdata$mdlProcessParameters_c19_Traffic_Light_cs 000000018002a558     c19_Traffic_Light_cs.obj
 0004:00000564       $pdata$sf_c19_Traffic_Light_cs_get_post_codegen_info 000000018002a564     c19_Traffic_Light_cs.obj
 0004:00000570       $pdata$mdlSetWorkWidths_c19_Traffic_Light_cs 000000018002a570     c19_Traffic_Light_cs.obj
 0004:0000057c       $pdata$mdlRTW_c19_Traffic_Light_cs 000000018002a57c     c19_Traffic_Light_cs.obj
 0004:00000588       $pdata$mdlStart_c19_Traffic_Light_cs 000000018002a588     c19_Traffic_Light_cs.obj
 0004:00000594       $pdata$mexFunction         000000018002a594     Traffic_Light_cs_sfun_registry.obj
 0004:000005a0       $pdata$_ssSetInputPortDirectFeedThroughFcn 000000018002a5a0     Traffic_Light_cs_sfun_registry.obj
 0004:000005ac       $pdata$_ssSetRWorkValueFcn 000000018002a5ac     Traffic_Light_cs_sfun_registry.obj
 0004:000005b8       $pdata$_ssGetRWorkValueFcn 000000018002a5b8     Traffic_Light_cs_sfun_registry.obj
 0004:000005c4       $pdata$_ssSetIWorkValueFcn 000000018002a5c4     Traffic_Light_cs_sfun_registry.obj
 0004:000005d0       $pdata$_ssGetIWorkValueFcn 000000018002a5d0     Traffic_Light_cs_sfun_registry.obj
 0004:000005dc       $pdata$_ssSetPWorkValueFcn 000000018002a5dc     Traffic_Light_cs_sfun_registry.obj
 0004:000005e8       $pdata$_ssGetPWorkValueFcn 000000018002a5e8     Traffic_Light_cs_sfun_registry.obj
 0004:000005f4       $pdata$_ssGetInputPortSignalFcn 000000018002a5f4     Traffic_Light_cs_sfun_registry.obj
 0004:00000600       $pdata$_ssGetInputPortBufferDstPortFcn 000000018002a600     Traffic_Light_cs_sfun_registry.obj
 0004:0000060c       $pdata$_ssGetInputPortSignalPtrsFcn 000000018002a60c     Traffic_Light_cs_sfun_registry.obj
 0004:00000618       $pdata$ssGetParameterTuningCompliance 000000018002a618     Traffic_Light_cs_sfun_registry.obj
 0004:00000624       $pdata$ssGetDTypeIdFromMxArray 000000018002a624     Traffic_Light_cs_sfun_registry.obj
 0004:00000630       $pdata$ssWriteRTWMx2dMatParam 000000018002a630     Traffic_Light_cs_sfun_registry.obj
 0004:0000063c       $pdata$ssWriteRTWMxVectParam 000000018002a63c     Traffic_Light_cs_sfun_registry.obj
 0004:00000648       $pdata$ssWriteRTWParameters 000000018002a648     Traffic_Light_cs_sfun_registry.obj
 0004:00000654       $pdata$ssWriteRTWParamSettings 000000018002a654     Traffic_Light_cs_sfun_registry.obj
 0004:00000660       $pdata$ssWriteRTWStr       000000018002a660     Traffic_Light_cs_sfun_registry.obj
 0004:0000066c       $pdata$ssWriteRTWWorkVect  000000018002a66c     Traffic_Light_cs_sfun_registry.obj
 0004:00000678       $pdata$ssWarning           000000018002a678     Traffic_Light_cs_sfun_registry.obj
 0004:00000684       $pdata$ssWriteRTWNameValuePair 000000018002a684     Traffic_Light_cs_sfun_registry.obj
 0004:00000690       $pdata$_ssSetInputPortMatrixDimensions 000000018002a690     Traffic_Light_cs_sfun_registry.obj
 0004:0000069c       $pdata$_ssSetOutputPortMatrixDimensions 000000018002a69c     Traffic_Light_cs_sfun_registry.obj
 0004:000006a8       $pdata$_ssSetInputPortVectorDimension 000000018002a6a8     Traffic_Light_cs_sfun_registry.obj
 0004:000006b4       $pdata$_ssSetOutputPortVectorDimension 000000018002a6b4     Traffic_Light_cs_sfun_registry.obj
 0004:000006c0       $pdata$ssIsRunTimeParamTunable 000000018002a6c0     Traffic_Light_cs_sfun_registry.obj
 0004:000006cc       $pdata$ssGetSFuncBlockHandle 000000018002a6cc     Traffic_Light_cs_sfun_registry.obj
 0004:000006d8       $pdata$_ssGetCurrentInputPortWidth 000000018002a6d8     Traffic_Light_cs_sfun_registry.obj
 0004:000006e4       $pdata$_ssGetCurrentOutputPortWidth 000000018002a6e4     Traffic_Light_cs_sfun_registry.obj
 0004:000006f0       $pdata$_ssGetCallSystemNumFcnCallDestinations 000000018002a6f0     Traffic_Light_cs_sfun_registry.obj
 0004:000006fc       $pdata$ssGetIsZeroCrossControlDisabled 000000018002a6fc     Traffic_Light_cs_sfun_registry.obj
 0004:00000708       $pdata$ssSetIsInputPortUsedForContZcSignal 000000018002a708     Traffic_Light_cs_sfun_registry.obj
 0004:00000714       $pdata$ssSetZcSignalIsZcElementDisc 000000018002a714     Traffic_Light_cs_sfun_registry.obj
 0004:00000720       $pdata$ssSetZcSignalName   000000018002a720     Traffic_Light_cs_sfun_registry.obj
 0004:0000072c       $pdata$ssSetZcSignalWidth  000000018002a72c     Traffic_Light_cs_sfun_registry.obj
 0004:00000738       $pdata$ssSetZcSignalZcEventType 000000018002a738     Traffic_Light_cs_sfun_registry.obj
 0004:00000744       $pdata$ssSetZcSignalType   000000018002a744     Traffic_Light_cs_sfun_registry.obj
 0004:00000750       $pdata$ssSetZcSignalZcTol  000000018002a750     Traffic_Light_cs_sfun_registry.obj
 0004:0000075c       $pdata$ssSetZcSignalNeedsEventNotification 000000018002a75c     Traffic_Light_cs_sfun_registry.obj
 0004:00000768       $pdata$ssCreateAndAddZcSignalInfo 000000018002a768     Traffic_Light_cs_sfun_registry.obj
 0004:00000774       $pdata$ssCloneAndAddZcSignalInfo 000000018002a774     Traffic_Light_cs_sfun_registry.obj
 0004:00000780       $pdata$ssGetNumZcSignals   000000018002a780     Traffic_Light_cs_sfun_registry.obj
 0004:0000078c       $pdata$ssGetZcSignalVector 000000018002a78c     Traffic_Light_cs_sfun_registry.obj
 0004:00000798       $pdata$ssGetZcSignalName   000000018002a798     Traffic_Light_cs_sfun_registry.obj
 0004:000007a4       $pdata$ssGetZcSignalWidth  000000018002a7a4     Traffic_Light_cs_sfun_registry.obj
 0004:000007b0       $pdata$ssGetZcSignalZcEventType 000000018002a7b0     Traffic_Light_cs_sfun_registry.obj
 0004:000007bc       $pdata$ssGetZcSignalZcEvents 000000018002a7bc     Traffic_Light_cs_sfun_registry.obj
 0004:000007c8       $pdata$ssGetZcSignalType   000000018002a7c8     Traffic_Light_cs_sfun_registry.obj
 0004:000007d4       $pdata$ssGetZcSignalZcTol  000000018002a7d4     Traffic_Light_cs_sfun_registry.obj
 0004:000007e0       $pdata$ssGetZcSignalNeedsEventNotification 000000018002a7e0     Traffic_Light_cs_sfun_registry.obj
 0004:000007ec       $pdata$ssGetZcSignalIsZcElementDisc 000000018002a7ec     Traffic_Light_cs_sfun_registry.obj
 0004:000007f8       $pdata$ssGetIsInputPortElementContinuous 000000018002a7f8     Traffic_Light_cs_sfun_registry.obj
 0004:00000804       $pdata$_ssGetAbsTol        000000018002a804     Traffic_Light_cs_sfun_registry.obj
 0004:00000810       $pdata$_ssSetInputPortReusableFcn 000000018002a810     Traffic_Light_cs_sfun_registry.obj
 0004:0000081c       $pdata$_ssSetOutputPortReusableFcn 000000018002a81c     Traffic_Light_cs_sfun_registry.obj
 0004:00000828       $pdata$_ssSetSymbolicDimsSupport 000000018002a828     Traffic_Light_cs_sfun_registry.obj
 0004:00000834       $pdata$_ssRegisterSymbolicDimsExpr 000000018002a834     Traffic_Light_cs_sfun_registry.obj
 0004:00000840       $pdata$_ssRegisterSymbolicDims 000000018002a840     Traffic_Light_cs_sfun_registry.obj
 0004:0000084c       $pdata$_ssRegisterSymbolicDimsString 000000018002a84c     Traffic_Light_cs_sfun_registry.obj
 0004:00000858       $pdata$_ssRegisterSymbolicDimsIntValue 000000018002a858     Traffic_Light_cs_sfun_registry.obj
 0004:00000864       $pdata$_ssRegisterSymbolicDimsPlus 000000018002a864     Traffic_Light_cs_sfun_registry.obj
 0004:00000870       $pdata$_ssRegisterSymbolicDimsMinus 000000018002a870     Traffic_Light_cs_sfun_registry.obj
 0004:0000087c       $pdata$_ssRegisterSymbolicDimsMultiply 000000018002a87c     Traffic_Light_cs_sfun_registry.obj
 0004:00000888       $pdata$_ssRegisterSymbolicDimsDivide 000000018002a888     Traffic_Light_cs_sfun_registry.obj
 0004:00000894       $pdata$_ssGetNumSymbolicDims 000000018002a894     Traffic_Light_cs_sfun_registry.obj
 0004:000008a0       $pdata$_ssGetSymbolicDim   000000018002a8a0     Traffic_Light_cs_sfun_registry.obj
 0004:000008ac       $pdata$_ssSetInputPortSymbolicDimsId 000000018002a8ac     Traffic_Light_cs_sfun_registry.obj
 0004:000008b8       $pdata$_ssGetCompInputPortSymbolicDimsId 000000018002a8b8     Traffic_Light_cs_sfun_registry.obj
 0004:000008c4       $pdata$_ssSetCompInputPortSymbolicDimsId 000000018002a8c4     Traffic_Light_cs_sfun_registry.obj
 0004:000008d0       $pdata$_ssSetOutputPortSymbolicDimsId 000000018002a8d0     Traffic_Light_cs_sfun_registry.obj
 0004:000008dc       $pdata$_ssGetCompOutputPortSymbolicDimsId 000000018002a8dc     Traffic_Light_cs_sfun_registry.obj
 0004:000008e8       $pdata$_ssSetCompOutputPortSymbolicDimsId 000000018002a8e8     Traffic_Light_cs_sfun_registry.obj
 0004:000008f4       $pdata$_ssSetCompDWorkSymbolicDimsId 000000018002a8f4     Traffic_Light_cs_sfun_registry.obj
 0004:00000900       $pdata$sf_process_check_sum_call 000000018002a900     Traffic_Light_cs_sfun_registry.obj
 0004:0000090c       $pdata$sf_process_get_third_party_uses_info_call 000000018002a90c     Traffic_Light_cs_sfun_registry.obj
 0004:00000918       $pdata$sf_process_get_jit_fallback_info_call 000000018002a918     Traffic_Light_cs_sfun_registry.obj
 0004:00000924       $pdata$sf_process_get_post_codegen_info_call 000000018002a924     Traffic_Light_cs_sfun_registry.obj
 0004:00000930       $pdata$sf_process_get_updateBuildInfo_args_info_call 000000018002a930     Traffic_Light_cs_sfun_registry.obj
 0004:0000093c       $pdata$sf_process_get_eml_resolved_functions_info_call 000000018002a93c     Traffic_Light_cs_sfun_registry.obj
 0004:00000948       $pdata$sf_mex_unlock_call  000000018002a948     Traffic_Light_cs_sfun_registry.obj
 0004:00000954       $pdata$ProcessMexSfunctionCmdLineCall 000000018002a954     Traffic_Light_cs_sfun_registry.obj
 0004:00000960       $pdata$sf_machine_global_initializer_called 000000018002a960     Traffic_Light_cs_sfun_registry.obj
 0004:0000096c       $pdata$sf_machine_global_method_dispatcher 000000018002a96c     Traffic_Light_cs_sfun_registry.obj
 0004:00000978       $pdata$sf_machine_global_terminator 000000018002a978     Traffic_Light_cs_sfun_registry.obj
 0004:00000984       $pdata$sf_register_machine_exported_symbols 000000018002a984     Traffic_Light_cs_sfun_registry.obj
 0004:00000990       $pdata$sf_machine_global_initializer 000000018002a990     Traffic_Light_cs_sfun_registry.obj
 0004:0000099c       $pdata$mdlGetSimState      000000018002a99c     Traffic_Light_cs_sfun_registry.obj
 0004:000009a8       $pdata$mdlSetSimState      000000018002a9a8     Traffic_Light_cs_sfun_registry.obj
 0004:000009b4       $pdata$mdlSetWorkWidths    000000018002a9b4     Traffic_Light_cs_sfun_registry.obj
 0004:000009c0       $pdata$mdlProcessParameters 000000018002a9c0     Traffic_Light_cs_sfun_registry.obj
 0004:000009cc       $pdata$mdl_start_processing 000000018002a9cc     Traffic_Light_cs_sfun_registry.obj
 0004:000009d8       $pdata$mdl_terminate_processing 000000018002a9d8     Traffic_Light_cs_sfun_registry.obj
 0004:000009e4       $pdata$mdlStart            000000018002a9e4     Traffic_Light_cs_sfun_registry.obj
 0004:000009f0       $pdata$mdlTerminate        000000018002a9f0     Traffic_Light_cs_sfun_registry.obj
 0004:000009fc       $pdata$mdlInitializeSizes  000000018002a9fc     Traffic_Light_cs_sfun_registry.obj
 0004:00000a08       $pdata$mdlInitializeSampleTimes 000000018002aa08     Traffic_Light_cs_sfun_registry.obj
 0004:00000a14       $pdata$mdl_outputs_continuous_legacy 000000018002aa14     Traffic_Light_cs_sfun_registry.obj
 0004:00000a20       $pdata$mdl_outputs_processing 000000018002aa20     Traffic_Light_cs_sfun_registry.obj
 0004:00000a2c       $pdata$mdl_zeroCrossings_processing 000000018002aa2c     Traffic_Light_cs_sfun_registry.obj
 0004:00000a38       $pdata$mdlZeroCrossings    000000018002aa38     Traffic_Light_cs_sfun_registry.obj
 0004:00000a44       $pdata$mdl_derivatives_processing 000000018002aa44     Traffic_Light_cs_sfun_registry.obj
 0004:00000a50       $pdata$mdlDerivatives      000000018002aa50     Traffic_Light_cs_sfun_registry.obj
 0004:00000a5c       $pdata$mdl_initialize_conditions_processing 000000018002aa5c     Traffic_Light_cs_sfun_registry.obj
 0004:00000a68       $pdata$mdlInitializeConditions 000000018002aa68     Traffic_Light_cs_sfun_registry.obj
 0004:00000a74       $pdata$mdl_ext_mode_exec_processing 000000018002aa74     Traffic_Light_cs_sfun_registry.obj
 0004:00000a80       $pdata$mdlExtModeExec      000000018002aa80     Traffic_Light_cs_sfun_registry.obj
 0004:00000a8c       $pdata$mdlRTW              000000018002aa8c     Traffic_Light_cs_sfun_registry.obj
 0004:00000a98       $pdata$mdl_enable_processing 000000018002aa98     Traffic_Light_cs_sfun_registry.obj
 0004:00000aa4       $pdata$mdlEnable           000000018002aaa4     Traffic_Light_cs_sfun_registry.obj
 0004:00000ab0       $pdata$mdl_disable_processing 000000018002aab0     Traffic_Light_cs_sfun_registry.obj
 0004:00000abc       $pdata$mdlDisable          000000018002aabc     Traffic_Light_cs_sfun_registry.obj
 0004:00000ac8       $pdata$mdlOutputs          000000018002aac8     Traffic_Light_cs_sfun_registry.obj
 0004:00000ad4       $pdata$mdl_update_processing 000000018002aad4     Traffic_Light_cs_sfun_registry.obj
 0004:00000ae0       $pdata$mdlUpdate           000000018002aae0     Traffic_Light_cs_sfun_registry.obj
 0004:00000aec       $pdata$ProcessMexSfunctionEveryCall 000000018002aaec     Traffic_Light_cs_sfun_registry.obj
 0004:00000af8       $pdata$_RegNumInputPortsCB 000000018002aaf8     Traffic_Light_cs_sfun_registry.obj
 0004:00000b04       $pdata$_RegNumOutputPortsCB 000000018002ab04     Traffic_Light_cs_sfun_registry.obj
 0004:00000b10       $pdata$_CreateSimStruct    000000018002ab10     Traffic_Light_cs_sfun_registry.obj
 0004:00000b1c       $pdata$_ProcessMexSfunctionCmdLineCall 000000018002ab1c     Traffic_Light_cs_sfun_registry.obj
 0004:00000b28       $pdata$ReportIndexOutOfBoundsError 000000018002ab28     Traffic_Light_cs_sfun_registry.obj
 0004:00000b34       $pdata$_vsnprintf_l        000000018002ab34     Traffic_Light_cs_sfun_registry.obj
 0004:00000b40       $pdata$_vsprintf_l         000000018002ab40     Traffic_Light_cs_sfun_registry.obj
 0004:00000b4c       $pdata$sprintf             000000018002ab4c     Traffic_Light_cs_sfun_registry.obj
 0004:00000b58       $pdata$__raise_securityfailure 000000018002ab58     MSVCRT:gs_report.obj
 0004:00000b64       $pdata$__report_gsfailure  000000018002ab64     MSVCRT:gs_report.obj
 0004:00000b70       $pdata$__report_rangecheckfailure 000000018002ab70     MSVCRT:gs_report.obj
 0004:00000b7c       $pdata$__report_securityfailure 000000018002ab7c     MSVCRT:gs_report.obj
 0004:00000b88       $pdata$__report_securityfailureEx 000000018002ab88     MSVCRT:gs_report.obj
 0004:00000b94       $pdata$capture_current_context 000000018002ab94     MSVCRT:gs_report.obj
 0004:00000ba0       $pdata$capture_previous_context 000000018002aba0     MSVCRT:gs_report.obj
 0004:00000bac       $pdata$__GSHandlerCheck    000000018002abac     MSVCRT:gshandler.obj
 0004:00000bb8       $pdata$__GSHandlerCheckCommon 000000018002abb8     MSVCRT:gshandler.obj
 0004:00000bdc       $pdata$?dllmain_crt_dispatch@@YAHQEAUHINSTANCE__@@KQEAX@Z 000000018002abdc     MSVCRT:dll_dllmain.obj
 0004:00000be8       $pdata$?dllmain_crt_process_attach@@YAHQEAUHINSTANCE__@@QEAX@Z 000000018002abe8     MSVCRT:dll_dllmain.obj
 0004:00000bf4       $pdata$?dllmain_crt_process_detach@@YAH_N@Z 000000018002abf4     MSVCRT:dll_dllmain.obj
 0004:00000c00       $pdata$?dllmain_dispatch@@YAHQEAUHINSTANCE__@@KQEAX@Z 000000018002ac00     MSVCRT:dll_dllmain.obj
 0004:00000c0c       $pdata$_DllMainCRTStartup  000000018002ac0c     MSVCRT:dll_dllmain.obj
 0004:00000c18       $pdata$__get_entropy       000000018002ac18     MSVCRT:gs_support.obj
 0004:00000c24       $pdata$__security_init_cookie 000000018002ac24     MSVCRT:gs_support.obj
 0004:00000c30       $pdata$DllMain             000000018002ac30     MSVCRT:dll_dllmain_stub.obj
 0004:00000c3c       $pdata$__scrt_initialize_default_local_stdio_options 000000018002ac3c     MSVCRT:default_local_stdio_options.obj
 0004:00000c48       $pdata$?configure_argv@__scrt_narrow_argv_policy@@SAHXZ 000000018002ac48     MSVCRT:utility.obj
 0004:00000c54       $pdata$__scrt_acquire_startup_lock 000000018002ac54     MSVCRT:utility.obj
 0004:00000c60       $pdata$__scrt_dllmain_after_initialize_c 000000018002ac60     MSVCRT:utility.obj
 0004:00000c6c       $pdata$__scrt_dllmain_before_initialize_c 000000018002ac6c     MSVCRT:utility.obj
 0004:00000c78       $pdata$__scrt_dllmain_crt_thread_attach 000000018002ac78     MSVCRT:utility.obj
 0004:00000c84       $pdata$__scrt_dllmain_crt_thread_detach 000000018002ac84     MSVCRT:utility.obj
 0004:00000c90       $pdata$__scrt_dllmain_exception_filter 000000018002ac90     MSVCRT:utility.obj
 0004:00000c9c       $pdata$__scrt_dllmain_uninitialize_c 000000018002ac9c     MSVCRT:utility.obj
 0004:00000ca8       $pdata$__scrt_dllmain_uninitialize_critical 000000018002aca8     MSVCRT:utility.obj
 0004:00000cb4       $pdata$__scrt_initialize_crt 000000018002acb4     MSVCRT:utility.obj
 0004:00000cc0       $pdata$__scrt_initialize_onexit_tables 000000018002acc0     MSVCRT:utility.obj
 0004:00000ccc       $pdata$__scrt_is_nonwritable_in_current_image 000000018002accc     MSVCRT:utility.obj
 0004:00000cd8       $pdata$__scrt_release_startup_lock 000000018002acd8     MSVCRT:utility.obj
 0004:00000ce4       $pdata$__scrt_uninitialize_crt 000000018002ace4     MSVCRT:utility.obj
 0004:00000cf0       $pdata$_onexit             000000018002acf0     MSVCRT:utility.obj
 0004:00000cfc       $pdata$atexit              000000018002acfc     MSVCRT:utility.obj
 0004:00000d08       $pdata$__scrt_fastfail     000000018002ad08     MSVCRT:utility_desktop.obj
 0004:00000d14       $pdata$__scrt_get_show_window_mode 000000018002ad14     MSVCRT:utility_desktop.obj
 0004:00000d20       $pdata$__scrt_is_managed_app 000000018002ad20     MSVCRT:utility_desktop.obj
 0004:00000d2c       $pdata$__scrt_unhandled_exception_filter 000000018002ad2c     MSVCRT:utility_desktop.obj
 0004:00000d38       $pdata$_RTC_Initialize     000000018002ad38     MSVCRT:initsect.obj
 0004:00000d44       $pdata$_RTC_Terminate      000000018002ad44     MSVCRT:initsect.obj
 0004:00000d50       $pdata$__isa_available_init 000000018002ad50     MSVCRT:cpu_disp.obj
 0004:00000d68       $pdata$?fin$0@?0??dllmain_crt_process_attach@@YAHQEAUHINSTANCE__@@QEAX@Z@4HA 000000018002ad68     MSVCRT:dll_dllmain.obj
 0004:00000d74       $pdata$?fin$0@?0??dllmain_crt_process_detach@@YAH_N@Z@4HA 000000018002ad74     MSVCRT:dll_dllmain.obj
 0004:00000d80       $pdata$?filt$0@?0??dllmain_dispatch@@YAHQEAUHINSTANCE__@@KQEAX@Z@4HA 000000018002ad80     MSVCRT:dll_dllmain.obj
 0004:00000d8c       $pdata$__scrt_is_nonwritable_in_current_image$filt$0 000000018002ad8c     MSVCRT:utility.obj
